PASS All recovered subsystems boot
PASS Float/redock keeps live panel and keyboard action
FAIL Docked tabs and keyboard selection Assertion failed
Traceback (most recent call last):
  File "/mnt/data/vb6-recovery-audit/repository/tools/recovery-browser-tests.py", line 24, in case
    p=boot(browser);detail=fn(p);check(not p._errors,str(p._errors))
                           ~~^^^
  File "/mnt/data/vb6-recovery-audit/repository/tools/recovery-browser-tests.py", line 48, in tabs
    check(p.evaluate('vb6Studio.docking.group("project").active')=='properties')
    ~~~~~^^^^^^^^^^^^^^^^^^^^^^^^^^^^^^^^^^^^^^^^^^^^^^^^^^^^^^^^^^^^^^^^^^^^^^^
AssertionError: Assertion failed
PASS All four docking edges and keyboard splitter
PASS Atomic layout round trip
FAIL Named-layout dialogs Locator.click: Error: strict mode violation: get_by_role("button", name="Close", exact=True) resolved to 3 elements:
    1) <button title="Close" aria-label="Close" class="vb-window-button">…</button> aka get_by_title("Close", exact=True)
    2) <div title="" tabindex="0" role="button" aria-label="Close" data-control="cmdClose" data-type="CommandButton" class="vb-control vb-command" data-control-id="id_mutqokbu_s">…</div> aka get_by_label("Form designer").get_by_text("Close")
    3) <button class="" type="button">Close</button> aka get_by_label("Window Layouts").get_by_role("button", name="Close", exact=True)

Call log:
  - waiting for get_by_role("button", name="Close", exact=True)

Traceback (most recent call last):
  File "/mnt/data/vb6-recovery-audit/repository/tools/recovery-browser-tests.py", line 24, in case
    p=boot(browser);detail=fn(p);check(not p._errors,str(p._errors))
                           ~~^^^
  File "/mnt/data/vb6-recovery-audit/repository/tools/recovery-browser-tests.py", line 64, in named_layout
    command(p,'manageWindowLayouts');check(p.get_by_label('Saved layouts').inner_text()=='Recovered layout');p.get_by_role('button',name='Close',exact=True).click()
                                                                                                             ~~~~~~~~~~~~~~~~~~~~~~~~~~~~~~~~~~~~~~~~~~~~~~~~~~~~~^^
playwright._impl._errors.Error: Locator.click: Error: strict mode violation: get_by_role("button", name="Close", exact=True) resolved to 3 elements:
    1) <button title="Close" aria-label="Close" class="vb-window-button">…</button> aka get_by_title("Close", exact=True)
    2) <div title="" tabindex="0" role="button" aria-label="Close" data-control="cmdClose" data-type="CommandButton" class="vb-control vb-command" data-control-id="id_mutqokbu_s">…</div> aka get_by_label("Form designer").get_by_text("Close")
    3) <button class="" type="button">Close</button> aka get_by_label("Window Layouts").get_by_role("button", name="Close", exact=True)

Call log:
  - waiting for get_by_role("button", name="Close", exact=True)

PASS Toolbar edge/float/restore
PASS Custom toolbar model and customization dialog
PASS Options changes cancel without mutation
PASS Options apply and undockable window
PASS Add Procedure through UI and undo
PASS Procedure metadata through UI
PASS Color palette applies and undoes
PASS Seven independent debugger panes
PASS Break-on-change watch dialog
PASS 50000-line virtual input and compact undo/redo
PASS Declaration-aware completion commit
PASS Recovered bookmark shortcut routing
FAIL Caller frame, typed edit and Quick Watch Page.wait_for_function: Timeout 4500ms exceeded.
Traceback (most recent call last):
  File "/mnt/data/vb6-recovery-audit/repository/tools/recovery-browser-tests.py", line 24, in case
    p=boot(browser);detail=fn(p);check(not p._errors,str(p._errors))
                           ~~^^^
  File "/mnt/data/vb6-recovery-audit/repository/tools/recovery-browser-tests.py", line 159, in debug_inspection
    p.wait_for_function('document.querySelector(".debug-quick-status")?.textContent.includes("Long")')
    ~~~~~~~~~~~~~~~~~~~^^^^^^^^^^^^^^^^^^^^^^^^^^^^^^^^^^^^^^^^^^^^^^^^^^^^^^^^^^^^^^^^^^^^^^^^^^^^^^^
playwright._impl._errors.TimeoutError: Page.wait_for_function: Timeout 4500ms exceeded.
PASS Recovered tools in three themes
17 passed; 3 failed.
