PASS Standalone startup: orders
PASS Standalone startup: calculator
PASS Standalone startup: clock
PASS Standalone startup: graphics
PASS Standalone startup: data
PASS Standalone startup: controls
PASS Standalone startup: language
PASS Standalone startup: events
PASS Standalone startup: richtext
PASS Order form: nested controls, typed events, add/remove and totals
PASS Order validation: actual VB MsgBox blocks the handler
PASS Order save: sequential VB file I/O writes the private filesystem
PASS Calculator: indexed control-array event arguments evaluate 7 + 5
PASS Timer: queued events tick and stop when disabled
PASS Common controls: populated tree/list/tab collections and slider events
PASS Custom WithEvents/ByRef cancellation and dynamic Load/Unload/Controls.Add
PASS Data grid: in-cell editing and in-memory recordset rebinding
PASS Modal form: owner inertness, queued click, unload and synchronous return
PASS DoEvents: UI input cancels a running VB loop without freezing the page
PASS All 37 offered browser control types initialize without script errors
PASS Runtime adapter boundary denies DOM, VM, constructor and implementation fields
PASS Classic IDE shell: menus, toolbox, project explorer, inspector and form
PASS Designer: add control, edit property, undo and redo through UI
PASS Designer: pointer dragging with twip snapping and keyboard movement
PASS Editor: designer event navigation, real source search and completion
PASS IDE run/stop: opaque-origin iframe, denied parent DOM and rejected spoofed message
PASS Debugger: conditional breakpoint, correct source, locals, Immediate mutation and step
PASS Live debugger: edit paused source, automatic apply, step and Set Next Statement
PASS File actions: downloadable lossless project and independent runnable HTML export
PASS Export injection guard: VB string containing closing script tags remains inert
PASS Large source: 20,000-line indexing, bounded gutter DOM and source-only undo
PASS Tree/List virtualization: 10,000 items each with bounded rendered rows
PASS Grid virtualization: 10,000 × 1,000 logical cells, last row and column reachable
PASS Graphics example draws with available fallback; GPU capability recorded, not assumed
PASS 390px touch viewport: scaled standalone form and working touch events
PASS 390px touch viewport: IDE shell fits and properties drawer opens

36 passed; 0 failed. Report: reports/browser-tests.json
