PASS All recovered subsystems boot
PASS Float/redock keeps live panel and keyboard action
PASS Docked tabs and keyboard selection
PASS All four docking edges and keyboard splitter
PASS Atomic layout round trip
PASS Named-layout dialogs
PASS Toolbar edge/float/restore
PASS Custom toolbar model and customization dialog
PASS Options changes cancel without mutation
PASS Options apply and undockable window
PASS Add Procedure through UI and undo
PASS Procedure metadata through UI
PASS Color palette applies and undoes
PASS Seven independent debugger panes
PASS Break-on-change watch dialog
PASS 50000-line virtual input and compact undo/redo
PASS Declaration-aware completion commit
PASS Recovered bookmark shortcut routing
PASS Caller frame, typed edit and Quick Watch
PASS Recovered tools in three themes
20 passed; 0 failed.
