
> vb6-studio-web@0.4.0 test
> node --test tests/*.test.mjs

TAP version 13
# Subtest: named colon-equals is not split as statement separator
ok 1 - named colon-equals is not split as statement separator
  ---
  duration_ms: 2.078985
  type: 'test'
  ...
# Subtest: named arguments reordered and optional omitted without comma
ok 2 - named arguments reordered and optional omitted without comma
  ---
  duration_ms: 9.365681
  type: 'test'
  ...
# Subtest: statement named arguments, continuation and single line If
ok 3 - statement named arguments, continuation and single line If
  ---
  duration_ms: 2.795174
  type: 'test'
  ...
# Subtest: omitted argument differs from explicitly passed Empty
ok 4 - omitted argument differs from explicitly passed Empty
  ---
  duration_ms: 1.774746
  type: 'test'
  ...
# Subtest: Empty required argument is a supplied value
ok 5 - Empty required argument is a supplied value
  ---
  duration_ms: 0.834989
  type: 'test'
  ...
# Subtest: default expressions use declaring module, not caller shadowing
ok 6 - default expressions use declaring module, not caller shadowing
  ---
  duration_ms: 1.341743
  type: 'test'
  ...
# Subtest: modifier words inside optional string literals are preserved
ok 7 - modifier words inside optional string literals are preserved
  ---
  duration_ms: 0.702569
  type: 'test'
  ...
# Subtest: typed optional without default is not missing
ok 8 - typed optional without default is not missing
  ---
  duration_ms: 1.115101
  type: 'test'
  ...
# Subtest: Missing forwards as omitted and Empty forwards as supplied
ok 9 - Missing forwards as omitted and Empty forwards as supplied
  ---
  duration_ms: 1.066097
  type: 'test'
  ...
# Subtest: ParamArray is never missing and empty array bounds are defined
ok 10 - ParamArray is never missing and empty array bounds are defined
  ---
  duration_ms: 1.309935
  type: 'test'
  ...
# Subtest: named ByRef binds the original variable
ok 11 - named ByRef binds the original variable
  ---
  duration_ms: 0.877924
  type: 'test'
  ...
# Subtest: parenthesized named ByRef passes a temporary
ok 12 - parenthesized named ByRef passes a temporary
  ---
  duration_ms: 1.199388
  type: 'test'
  ...
# Subtest: named arguments evaluate once in source order before binding
ok 13 - named arguments evaluate once in source order before binding
  ---
  duration_ms: 1.031756
  type: 'test'
  ...
# Subtest: rejects invalid argument binding: Take(a:="a", a:="b")
ok 14 - rejects invalid argument binding: Take(a:="a", a:="b")
  ---
  duration_ms: 0.886557
  type: 'test'
  ...
# Subtest: rejects invalid argument binding: Take("a", a:="b")
ok 15 - rejects invalid argument binding: Take("a", a:="b")
  ---
  duration_ms: 0.589629
  type: 'test'
  ...
# Subtest: rejects invalid argument binding: Take(noSuch:="a")
ok 16 - rejects invalid argument binding: Take(noSuch:="a")
  ---
  duration_ms: 0.564011
  type: 'test'
  ...
# Subtest: rejects invalid argument binding: Take(c:="c", "a")
ok 17 - rejects invalid argument binding: Take(c:="c", "a")
  ---
  duration_ms: 4.706055
  type: 'test'
  ...
# Subtest: rejects invalid argument binding: Take(, 1)
ok 18 - rejects invalid argument binding: Take(, 1)
  ---
  duration_ms: 0.591212
  type: 'test'
  ...
# Subtest: rejects invalid argument binding: Take()
ok 19 - rejects invalid argument binding: Take()
  ---
  duration_ms: 0.53045
  type: 'test'
  ...
# Subtest: builtin named arguments use published names
ok 20 - builtin named arguments use published names
  ---
  duration_ms: 1.237025
  type: 'test'
  ...
# Subtest: String-returning intrinsics support $ spelling
ok 21 - String-returning intrinsics support $ spelling
  ---
  duration_ms: 0.690601
  type: 'test'
  ...
# Subtest: Variant string functions propagate Null but $ form rejects it
ok 22 - Variant string functions propagate Null but $ form rejects it
  ---
  duration_ms: 2.404996
  type: 'test'
  ...
# Subtest: static locals are per instance and per procedure
ok 23 - static locals are per instance and per procedure
  ---
  duration_ms: 1.694575
  type: 'test'
  ...
# Subtest: As New replacement has fresh static locals
ok 24 - As New replacement has fresh static locals
  ---
  duration_ms: 0.914539
  type: 'test'
  ...
# Subtest: TypeOf handles class references, Nothing and native collections
ok 25 - TypeOf handles class references, Nothing and native collections
  ---
  duration_ms: 0.884033
  type: 'test'
  ...
# Subtest: TypeOf rejects scalar values
ok 26 - TypeOf rejects scalar values
  ---
  duration_ms: 0.55719
  type: 'test'
  ...
# Subtest: qualified New object creation
ok 27 - qualified New object creation
  ---
  duration_ms: 0.868389
  type: 'test'
  ...
# Subtest: Mid assignment updates only destination span and preserves length
ok 28 - Mid assignment updates only destination span and preserves length
  ---
  duration_ms: 3.210661
  type: 'test'
  ...
# Subtest: LSet and RSet pad to destination length
ok 29 - LSet and RSet pad to destination length
  ---
  duration_ms: 0.626164
  type: 'test'
  ...
# Subtest: Mid supports array destinations
ok 30 - Mid supports array destinations
  ---
  duration_ms: 1.083794
  type: 'test'
  ...
# Subtest: invalid Mid position is rejected: Mid(s, 0) = "x"
ok 31 - invalid Mid position is rejected: Mid(s, 0) = "x"
  ---
  duration_ms: 1.697009
  type: 'test'
  ...
# Subtest: invalid Mid position is rejected: Mid(s, 1, -1) = "x"
ok 32 - invalid Mid position is rejected: Mid(s, 1, -1) = "x"
  ---
  duration_ms: 0.584641
  type: 'test'
  ...
# Subtest: invalid procedure signature: Sub Bad(Optional x, y)
ok 33 - invalid procedure signature: Sub Bad(Optional x, y)
  ---
  duration_ms: 0.304589
  type: 'test'
  ...
# Subtest: invalid procedure signature: Sub Bad(x, x)
ok 34 - invalid procedure signature: Sub Bad(x, x)
  ---
  duration_ms: 0.097958
  type: 'test'
  ...
# Subtest: invalid procedure signature: Sub Bad(ParamArray x As Variant)
ok 35 - invalid procedure signature: Sub Bad(ParamArray x As Variant)
  ---
  duration_ms: 0.07955
  type: 'test'
  ...
# Subtest: invalid procedure signature: Sub Bad(ParamArray x() As Variant, y)
ok 36 - invalid procedure signature: Sub Bad(ParamArray x() As Variant, y)
  ---
  duration_ms: 0.103937
  type: 'test'
  ...
# Subtest: invalid procedure signature: Sub Bad(x As Long = 4)
ok 37 - invalid procedure signature: Sub Bad(x As Long = 4)
  ---
  duration_ms: 0.081092
  type: 'test'
  ...
# Subtest: Missing cannot silently coerce to scalar
ok 38 - Missing cannot silently coerce to scalar
  ---
  duration_ms: 0.146601
  type: 'test'
  ...
# Subtest: Spin step respects positive increment and both bounds
ok 39 - Spin step respects positive increment and both bounds
  ---
  duration_ms: 0.627927
  type: 'test'
  ...
# Subtest: Spin wrapping includes reversed Min/Max endpoints
ok 40 - Spin wrapping includes reversed Min/Max endpoints
  ---
  duration_ms: 0.110977
  type: 'test'
  ...
# Subtest: Spin zero increment and non-finite values do not move
ok 41 - Spin zero increment and non-finite values do not move
  ---
  duration_ms: 0.141654
  type: 'test'
  ...
# Subtest: Element factory distinguishes ARIA/enumerated false from HTML boolean false
ok 42 - Element factory distinguishes ARIA/enumerated false from HTML boolean false
  ---
  duration_ms: 0.684081
  type: 'test'
  ...
# Subtest: disconnected field schemas enforce supported types, size and case-insensitive uniqueness
ok 43 - disconnected field schemas enforce supported types, size and case-insensitive uniqueness
  ---
  duration_ms: 1.758582
  type: 'test'
  ...
# Subtest: open, close and state transitions reject unsupported providers and cursor types
ok 44 - open, close and state transitions reject unsupported providers and cursor types
  ---
  duration_ms: 0.974439
  type: 'test'
  ...
# Subtest: typed numeric, Currency, Boolean and Date fields coerce and reject overflow atomically
ok 45 - typed numeric, Currency, Boolean and Date fields coerce and reject overflow atomically
  ---
  duration_ms: 1.232299
  type: 'test'
  ...
# Subtest: field edits are cancellable before Update and preserve OriginalValue
ok 46 - field edits are cancellable before Update and preserve OriginalValue
  ---
  duration_ms: 0.572563
  type: 'test'
  ...
# Subtest: CancelUpdate discards a new row and restores the previous current row
ok 47 - CancelUpdate discards a new row and restores the previous current row
  ---
  duration_ms: 0.31227
  type: 'test'
  ...
# Subtest: navigation commits pending edits and handles BOF/EOF without unbounded positions
ok 48 - navigation commits pending edits and handles BOF/EOF without unbounded positions
  ---
  duration_ms: 0.38474
  type: 'test'
  ...
# Subtest: Update field/value arrays validate all fields before any mutation
ok 49 - Update field/value arrays validate all fields before any mutation
  ---
  duration_ms: 0.366573
  type: 'test'
  ...
# Subtest: invalid AddNew field/value arrays do not commit or discard an existing edit
ok 50 - invalid AddNew field/value arrays do not commit or discard an existing edit
  ---
  duration_ms: 0.230898
  type: 'test'
  ...
# Subtest: AddNew with values commits immediately and uses typed Currency
ok 51 - AddNew with values commits immediately and uses typed Currency
  ---
  duration_ms: 0.552083
  type: 'test'
  ...
# Subtest: stable bookmarks survive sorting and edits but cannot access filtered or deleted rows
ok 52 - stable bookmarks survive sorting and edits but cannot access filtered or deleted rows
  ---
  duration_ms: 1.654034
  type: 'test'
  ...
# Subtest: sort is stable, typed, case-insensitive and supports bracketed field names
ok 53 - sort is stable, typed, case-insensitive and supports bracketed field names
  ---
  duration_ms: 0.87577
  type: 'test'
  ...
# Subtest: invalid sort preserves the previous sort, view and current row
ok 54 - invalid sort preserves the previous sort, view and current row
  ---
  duration_ms: 0.304719
  type: 'test'
  ...
# Subtest: criteria support quoted names, doubled apostrophes, Currency and flat AND/OR
ok 55 - criteria support quoted names, doubled apostrophes, Currency and flat AND/OR
  ---
  duration_ms: 0.678243
  type: 'test'
  ...
# Subtest: LIKE supports prefix and surrounding patterns without regex injection
ok 56 - LIKE supports prefix and surrounding patterns without regex injection
  ---
  duration_ms: 0.953929
  type: 'test'
  ...
# Subtest: invalid or unsupported filters are atomic, not silently approximated
ok 57 - invalid or unsupported filters are atomic, not silently approximated
  ---
  duration_ms: 0.334785
  type: 'test'
  ...
# Subtest: empty recordsets and zero matching rows have BOF and EOF set
ok 58 - empty recordsets and zero matching rows have BOF and EOF set
  ---
  duration_ms: 0.173611
  type: 'test'
  ...
# Subtest: read-only recordsets reject every write path
ok 59 - read-only recordsets reject every write path
  ---
  duration_ms: 0.166662
  type: 'test'
  ...
# Subtest: GetRows respects row limits, field selection, cursor advancement and empty results
ok 60 - GetRows respects row limits, field selection, cursor advancement and empty results
  ---
  duration_ms: 0.565583
  type: 'test'
  ...
# Subtest: data observers see lifecycle/edit/cancel events and disposal removes subscriptions
ok 61 - data observers see lifecycle/edit/cancel events and disposal removes subscriptions
  ---
  duration_ms: 0.23893
  type: 'test'
  ...
# Subtest: an observer exception cannot roll back committed changes or stop other observers
ok 62 - an observer exception cannot roll back committed changes or stop other observers
  ---
  duration_ms: 0.243467
  type: 'test'
  ...
# Subtest: binding API writes typed values and refuses stale, removed and filtered records
ok 63 - binding API writes typed values and refuses stale, removed and filtered records
  ---
  duration_ms: 0.275015
  type: 'test'
  ...
# Subtest: malicious field names do not alter JavaScript prototypes
ok 64 - malicious field names do not alter JavaScript prototypes
  ---
  duration_ms: 0.104908
  type: 'test'
  ...
# Subtest: repeated reads reuse the compiled view until data or filter changes
ok 65 - repeated reads reuse the compiled view until data or filter changes
  ---
  duration_ms: 0.216807
  type: 'test'
  ...
# Subtest: VB execution exercises typed field edits, CancelUpdate, filters and row arrays
ok 66 - VB execution exercises typed field edits, CancelUpdate, filters and row arrays
  ---
  duration_ms: 12.996906
  type: 'test'
  ...
# Subtest: pause listeners can resume synchronously without a lost resolver
ok 67 - pause listeners can resume synchronously without a lost resolver
  ---
  duration_ms: 8.855913
  type: 'test'
  ...
# Subtest: active expression edit applies before the suspended instruction, retaining locals
ok 68 - active expression edit applies before the suspended instruction, retaining locals
  ---
  duration_ms: 7.538246
  type: 'test'
  ...
# Subtest: inserted comments remap breakpoints and current source without restarting
ok 69 - inserted comments remap breakpoints and current source without restarting
  ---
  duration_ms: 1.736918
  type: 'test'
  ...
# Subtest: invalid syntax rejects atomically and leaves the old code runnable
ok 70 - invalid syntax rejects atomically and leaves the old code runnable
  ---
  duration_ms: 1.13373
  type: 'test'
  ...
# Subtest: active topology and local type edits require restart without losing locals
ok 71 - active topology and local type edits require restart without losing locals
  ---
  duration_ms: 1.098376
  type: 'test'
  ...
# Subtest: module fields, signatures and deleted procedures are rejected atomically
ok 72 - module fields, signatures and deleted procedures are rejected atomically
  ---
  duration_ms: 2.980775
  type: 'test'
  ...
# Subtest: inactive procedure bodies can change control flow and new procedures can be added
ok 73 - inactive procedure bodies can change control flow and new procedures can be added
  ---
  duration_ms: 2.528772
  type: 'test'
  ...
# Subtest: edits update existing class instances and held procedure identities
ok 74 - edits update existing class instances and held procedure identities
  ---
  duration_ms: 6.944621
  type: 'test'
  ...
# Subtest: all suspended caller frames are validated, not only the top frame
ok 75 - all suspended caller frames are validated, not only the top frame
  ---
  duration_ms: 1.268562
  type: 'test'
  ...
# Subtest: Set Next Statement skips a pending statement in a straight-line region
ok 76 - Set Next Statement skips a pending statement in a straight-line region
  ---
  duration_ms: 2.004056
  type: 'test'
  ...
# Subtest: Set Next Statement can replay an assignment while retaining state
ok 77 - Set Next Statement can replay an assignment while retaining state
  ---
  duration_ms: 0.944233
  type: 'test'
  ...
# Subtest: Set Next Statement rejects cross-procedure, cross-module and loop-entry moves
ok 78 - Set Next Statement rejects cross-procedure, cross-module and loop-entry moves
  ---
  duration_ms: 0.82882
  type: 'test'
  ...
# Subtest: running non-paused frames cannot receive unsafe debugger mutations
ok 79 - running non-paused frames cannot receive unsafe debugger mutations
  ---
  duration_ms: 0.467145
  type: 'test'
  ...
# Subtest: projection indexes UTF-16 line offsets and final empty line
ok 80 - projection indexes UTF-16 line offsets and final empty line
  ---
  duration_ms: 1.949148
  type: 'test'
  ...
# Subtest: full module view projects the entire source exactly
ok 81 - full module view projects the entire source exactly
  ---
  duration_ms: 0.191709
  type: 'test'
  ...
# Subtest: procedure view does not include the following header
ok 82 - procedure view does not include the following header
  ---
  duration_ms: 0.242156
  type: 'test'
  ...
# Subtest: declarations are independently editable without joining the first header
ok 83 - declarations are independently editable without joining the first header
  ---
  duration_ms: 0.5371
  type: 'test'
  ...
# Subtest: empty declarations before a line-one procedure remain a zero-length insertion
ok 84 - empty declarations before a line-one procedure remain a zero-length insertion
  ---
  duration_ms: 0.181905
  type: 'test'
  ...
# Subtest: editing a projection preserves all unselected source bytes
ok 85 - editing a projection preserves all unselected source bytes
  ---
  duration_ms: 0.128204
  type: 'test'
  ...
# Subtest: offset remapping keeps selections before/after an edit stable
ok 86 - offset remapping keeps selections before/after an edit stable
  ---
  duration_ms: 0.2253
  type: 'test'
  ...
# Subtest: offset remapping after deletion collapses selections inside removed text
ok 87 - offset remapping after deletion collapses selections inside removed text
  ---
  duration_ms: 0.089404
  type: 'test'
  ...
# Subtest: procedure and property headers have independent projections
ok 88 - procedure and property headers have independent projections
  ---
  duration_ms: 0.332762
  type: 'test'
  ...
# Subtest: syntax selection preserves lexical context and HTML escaping
ok 89 - syntax selection preserves lexical context and HTML escaping
  ---
  duration_ms: 0.618603
  type: 'test'
  ...
# Subtest: multiline selection includes the visual newline cell
ok 90 - multiline selection includes the visual newline cell
  ---
  duration_ms: 0.395136
  type: 'test'
  ...
# Subtest: Binary scalar Byte
ok 91 - Binary scalar Byte
  ---
  duration_ms: 1.920215
  type: 'test'
  ...
# Subtest: Binary scalar Integer
ok 92 - Binary scalar Integer
  ---
  duration_ms: 0.121463
  type: 'test'
  ...
# Subtest: Binary scalar Long
ok 93 - Binary scalar Long
  ---
  duration_ms: 0.164297
  type: 'test'
  ...
# Subtest: Binary scalar Single
ok 94 - Binary scalar Single
  ---
  duration_ms: 0.103286
  type: 'test'
  ...
# Subtest: Binary scalar Double
ok 95 - Binary scalar Double
  ---
  duration_ms: 0.160733
  type: 'test'
  ...
# Subtest: Binary scalar Boolean
ok 96 - Binary scalar Boolean
  ---
  duration_ms: 0.075154
  type: 'test'
  ...
# Subtest: Binary scalar Currency
ok 97 - Binary scalar Currency
  ---
  duration_ms: 0.166201
  type: 'test'
  ...
# Subtest: Binary scalar Date
ok 98 - Binary scalar Date
  ---
  duration_ms: 0.505502
  type: 'test'
  ...
# Subtest: Binary uses little-endian native scalar layouts
ok 99 - Binary uses little-endian native scalar layouts
  ---
  duration_ms: 0.955992
  type: 'test'
  ...
# Subtest: ANSI encoding round trips euro and rejects lossy Unicode
ok 100 - ANSI encoding round trips euro and rejects lossy Unicode
  ---
  duration_ms: 0.814959
  type: 'test'
  ...
# Subtest: Random strings have unsigned 16-bit lengths; fixed strings do not
ok 101 - Random strings have unsigned 16-bit lengths; fixed strings do not
  ---
  duration_ms: 7.916426
  type: 'test'
  ...
# Subtest: Variant descriptor undefined
ok 102 - Variant descriptor undefined
  ---
  duration_ms: 0.211859
  type: 'test'
  ...
# Subtest: Variant descriptor null
ok 103 - Variant descriptor null
  ---
  duration_ms: 0.140051
  type: 'test'
  ...
# Subtest: Variant descriptor 42
ok 104 - Variant descriptor 42
  ---
  duration_ms: 0.120802
  type: 'test'
  ...
# Subtest: Variant descriptor 3.141592653589793
ok 105 - Variant descriptor 3.141592653589793
  ---
  duration_ms: 0.0933
  type: 'test'
  ...
# Subtest: Variant descriptor hello
ok 106 - Variant descriptor hello
  ---
  duration_ms: 0.147903
  type: 'test'
  ...
# Subtest: Variant descriptor 4.321
ok 107 - Variant descriptor 4.321
  ---
  duration_ms: 0.107833
  type: 'test'
  ...
# Subtest: Binary arrays write first-dimension-fastest without a descriptor
ok 108 - Binary arrays write first-dimension-fastest without a descriptor
  ---
  duration_ms: 0.648698
  type: 'test'
  ...
# Subtest: Random dynamic arrays preserve descriptors and lower bounds
ok 109 - Random dynamic arrays preserve descriptors and lower bounds
  ---
  duration_ms: 0.460825
  type: 'test'
  ...
# Subtest: corrupt descriptors, truncated data and scalar array Variants reject
ok 110 - corrupt descriptors, truncated data and scalar array Variants reject
  ---
  duration_ms: 0.31152
  type: 'test'
  ...
# Subtest: typed records concatenate fields without padding
ok 111 - typed records concatenate fields without padding
  ---
  duration_ms: 0.582629
  type: 'test'
  ...
# Subtest: VM Binary Put/Get, byte positions, Seek and EOF
ok 112 - VM Binary Put/Get, byte positions, Seek and EOF
  ---
  duration_ms: 14.137707
  type: 'test'
  ...
# Subtest: VM Random record operations honor Len expressions and typed UDT fields
ok 113 - VM Random record operations honor Len expressions and typed UDT fields
  ---
  duration_ms: 4.889442
  type: 'test'
  ...
# Subtest: VM fixed strings and declared byte arrays use their storage schema
ok 114 - VM fixed strings and declared byte arrays use their storage schema
  ---
  duration_ms: 2.033647
  type: 'test'
  ...
# Subtest: VM Read/Write access rejects unauthorized operations
ok 115 - VM Read/Write access rejects unauthorized operations
  ---
  duration_ms: 1.507683
  type: 'test'
  ...
# Subtest: VM binary copy/rename preserves bytes
ok 116 - VM binary copy/rename preserves bytes
  ---
  duration_ms: 1.099027
  type: 'test'
  ...
# Subtest: snapshot is JSON-safe and preserves every byte with legacy text files
ok 117 - snapshot is JSON-safe and preserves every byte with legacy text files
  ---
  duration_ms: 0.394745
  type: 'test'
  ...
# Subtest: failed Get and oversized Put do not move position or mutate files
ok 118 - failed Get and oversized Put do not move position or mutate files
  ---
  duration_ms: 0.223767
  type: 'test'
  ...
# Subtest: record-size checks leave existing bytes intact
ok 119 - record-size checks leave existing bytes intact
  ---
  duration_ms: 0.136666
  type: 'test'
  ...
# Subtest: virtual locks apply to the touched region and release on Close
ok 120 - virtual locks apply to the touched region and release on Close
  ---
  duration_ms: 0.711122
  type: 'test'
  ...
# Subtest: shared opens observe writes, lock modes deny conflicting access
ok 121 - shared opens observe writes, lock modes deny conflicting access
  ---
  duration_ms: 0.21854
  type: 'test'
  ...
# Subtest: FreeFile range and invalid seek/access boundaries
ok 122 - FreeFile range and invalid seek/access boundaries
  ---
  duration_ms: 1.166359
  type: 'test'
  ...
# Subtest: project search returns full-source UTF16 locations in module order
ok 123 - project search returns full-source UTF16 locations in module order
  ---
  duration_ms: 1.820636
  type: 'test'
  ...
# Subtest: literal search escapes .
ok 124 - literal search escapes .
  ---
  duration_ms: 0.217538
  type: 'test'
  ...
# Subtest: literal search escapes *
ok 125 - literal search escapes *
  ---
  duration_ms: 0.163146
  type: 'test'
  ...
# Subtest: literal search escapes [a]
ok 126 - literal search escapes [a]
  ---
  duration_ms: 0.176005
  type: 'test'
  ...
# Subtest: literal search escapes (hello)
ok 127 - literal search escapes (hello)
  ---
  duration_ms: 0.156857
  type: 'test'
  ...
# Subtest: literal search escapes $
ok 128 - literal search escapes $
  ---
  duration_ms: 0.123146
  type: 'test'
  ...
# Subtest: literal search escapes \\
ok 129 - literal search escapes \\
  ---
  duration_ms: 0.189876
  type: 'test'
  ...
# Subtest: literal search escapes ?
ok 130 - literal search escapes ?
  ---
  duration_ms: 0.122865
  type: 'test'
  ...
# Subtest: literal search escapes a+b
ok 131 - literal search escapes a+b
  ---
  duration_ms: 0.27196
  type: 'test'
  ...
# Subtest: literal search escapes ^
ok 132 - literal search escapes ^
  ---
  duration_ms: 0.308626
  type: 'test'
  ...
# Subtest: whole-word and match-case options distinguish identifiers
ok 133 - whole-word and match-case options distinguish identifiers
  ---
  duration_ms: 0.277949
  type: 'test'
  ...
# Subtest: module-only search captures just that module
ok 134 - module-only search captures just that module
  ---
  duration_ms: 0.130286
  type: 'test'
  ...
# Subtest: search snapshots become stale when a matching or unrelated source changes
ok 135 - search snapshots become stale when a matching or unrelated source changes
  ---
  duration_ms: 0.515597
  type: 'test'
  ...
# Subtest: stale search rejects module replacement, removal and addition atomically
ok 136 - stale search rejects module replacement, removal and addition atomically
  ---
  duration_ms: 0.25225
  type: 'test'
  ...
# Subtest: renamed module retains valid id-and-source search
ok 137 - renamed module retains valid id-and-source search
  ---
  duration_ms: 0.139921
  type: 'test'
  ...
# Subtest: search limit reports truncation and refuses partial replacement
ok 138 - search limit reports truncation and refuses partial replacement
  ---
  duration_ms: 0.127402
  type: 'test'
  ...
# Subtest: exactly full search limit does not falsely report truncation
ok 139 - exactly full search limit does not falsely report truncation
  ---
  duration_ms: 0.080672
  type: 'test'
  ...
# Subtest: replacement creates a new project, treats dollar syntax literally and can be undone atomically
ok 140 - replacement creates a new project, treats dollar syntax literally and can be undone atomically
  ---
  duration_ms: 0.460825
  type: 'test'
  ...
# Subtest: replace does not leave partial modifications after size failure
ok 141 - replace does not leave partial modifications after size failure
  ---
  duration_ms: 0.664001
  type: 'test'
  ...
# Subtest: 20,000 replacements use a bounded list and preserve literal output
ok 142 - 20,000 replacements use a bounded list and preserve literal output
  ---
  duration_ms: 11.056431
  type: 'test'
  ...
# Subtest: replacement maps anchors across separate newline insertions
ok 143 - replacement maps anchors across separate newline insertions
  ---
  duration_ms: 0.381946
  type: 'test'
  ...
# Subtest: empty/oversized query and wrong project are rejected
ok 144 - empty/oversized query and wrong project are rejected
  ---
  duration_ms: 0.206421
  type: 'test'
  ...
# Subtest: bookmark normalization removes invalid and duplicate lines
ok 145 - bookmark normalization removes invalid and duplicate lines
  ---
  duration_ms: 0.083105
  type: 'test'
  ...
# Subtest: inserting source at bookmarked line start follows original line
ok 146 - inserting source at bookmarked line start follows original line
  ---
  duration_ms: 0.241414
  type: 'test'
  ...
# Subtest: deleting a full bookmarked line removes its anchor but maps subsequent lines
ok 147 - deleting a full bookmarked line removes its anchor but maps subsequent lines
  ---
  duration_ms: 0.107903
  type: 'test'
  ...
# Subtest: editing text without line changes keeps anchors
ok 148 - editing text without line changes keeps anchors
  ---
  duration_ms: 0.137798
  type: 'test'
  ...
# Subtest: bookmarks navigate through project modules and wrap in either direction
ok 149 - bookmarks navigate through project modules and wrap in either direction
  ---
  duration_ms: 0.20609
  type: 'test'
  ...
# Subtest: no bookmarks returns no navigation target
ok 150 - no bookmarks returns no navigation target
  ---
  duration_ms: 0.067312
  type: 'test'
  ...
# Subtest: Object Browser uses compiler declaration locations, not first textual occurrence
ok 151 - Object Browser uses compiler declaration locations, not first textual occurrence
  ---
  duration_ms: 16.260448
  type: 'test'
  ...
# Subtest: Object Browser private filter omits private members only
ok 152 - Object Browser private filter omits private members only
  ---
  duration_ms: 2.662054
  type: 'test'
  ...
# Subtest: Object Browser contains implemented intrinsic optional signatures
ok 153 - Object Browser contains implemented intrinsic optional signatures
  ---
  duration_ms: 0.883412
  type: 'test'
  ...
# Subtest: Object Browser tolerates incomplete procedure bodies
ok 154 - Object Browser tolerates incomplete procedure bodies
  ---
  duration_ms: 1.443927
  type: 'test'
  ...
# Subtest: Object Browser tolerates invalid conditional compiler input
ok 155 - Object Browser tolerates invalid conditional compiler input
  ---
  duration_ms: 2.544176
  type: 'test'
  ...
# Subtest: Object Browser property accessors remain distinct navigation targets
ok 156 - Object Browser property accessors remain distinct navigation targets
  ---
  duration_ms: 1.474784
  type: 'test'
  ...
# Subtest: Object Browser does not advertise nonexistent OCX libraries
ok 157 - Object Browser does not advertise nonexistent OCX libraries
  ---
  duration_ms: 0.949262
  type: 'test'
  ...
# Subtest: lexer preserves strings, doubled quotes, source offsets and suffixes
ok 158 - lexer preserves strings, doubled quotes, source offsets and suffixes
  ---
  duration_ms: 1.90276
  type: 'test'
  ...
# Subtest: lexer rejects unterminated strings
ok 159 - lexer rejects unterminated strings
  ---
  duration_ms: 0.381876
  type: 'test'
  ...
# Subtest: top-level split respects parentheses and quoted commas
ok 160 - top-level split respects parentheses and quoted commas
  ---
  duration_ms: 0.624992
  type: 'test'
  ...
# Subtest: logical lines preserve continuation source mapping
ok 161 - logical lines preserve continuation source mapping
  ---
  duration_ms: 0.485041
  type: 'test'
  ...
# Subtest: comments do not corrupt quoted apostrophes
ok 162 - comments do not corrupt quoted apostrophes
  ---
  duration_ms: 0.683911
  type: 'test'
  ...
# Subtest: compiler reports missing End If
ok 163 - compiler reports missing End If
  ---
  duration_ms: 3.360687
  type: 'test'
  ...
# Subtest: compiler reports unsupported DLL declaration
ok 164 - compiler reports unsupported DLL declaration
  ---
  duration_ms: 0.667667
  type: 'test'
  ...
# Subtest: compiler rejects duplicate procedures
ok 165 - compiler rejects duplicate procedures
  ---
  duration_ms: 0.256086
  type: 'test'
  ...
# Subtest: source mapping is accurate after comments and blanks
ok 166 - source mapping is accurate after comments and blanks
  ---
  duration_ms: 0.813386
  type: 'test'
  ...
# Subtest: expression 1 + 2 * 3
ok 167 - expression 1 + 2 * 3
  ---
  duration_ms: 6.629015
  type: 'test'
  ...
# Subtest: expression 2 ^ 3 ^ 2
ok 168 - expression 2 ^ 3 ^ 2
  ---
  duration_ms: 0.820798
  type: 'test'
  ...
# Subtest: expression -2 ^ 2
ok 169 - expression -2 ^ 2
  ---
  duration_ms: 0.828839
  type: 'test'
  ...
# Subtest: expression (1 + 2) * 3
ok 170 - expression (1 + 2) * 3
  ---
  duration_ms: 0.720356
  type: 'test'
  ...
# Subtest: expression 7 \\ 2
ok 171 - expression 7 \\ 2
  ---
  duration_ms: 1.369865
  type: 'test'
  ...
# Subtest: expression 7 Mod 3
ok 172 - expression 7 Mod 3
  ---
  duration_ms: 0.933568
  type: 'test'
  ...
# Subtest: expression Not 1 = 2
ok 173 - expression Not 1 = 2
  ---
  duration_ms: 0.491892
  type: 'test'
  ...
# Subtest: expression True And False
ok 174 - expression True And False
  ---
  duration_ms: 0.532613
  type: 'test'
  ...
# Subtest: expression True Or False
ok 175 - expression True Or False
  ---
  duration_ms: 0.731863
  type: 'test'
  ...
# Subtest: expression 2 < 3
ok 176 - expression 2 < 3
  ---
  duration_ms: 0.547035
  type: 'test'
  ...
# Subtest: expression "a" & 2
ok 177 - expression "a" & 2
  ---
  duration_ms: 3.346176
  type: 'test'
  ...
# Subtest: expression "abc" Like "a*"
ok 178 - expression "abc" Like "a*"
  ---
  duration_ms: 0.876542
  type: 'test'
  ...
# Subtest: expression "a""b"
ok 179 - expression "a""b"
  ---
  duration_ms: 0.388666
  type: 'test'
  ...
# Subtest: expression &HFF + &O10
ok 180 - expression &HFF + &O10
  ---
  duration_ms: 0.402888
  type: 'test'
  ...
# Subtest: expression Empty + 5
ok 181 - expression Empty + 5
  ---
  duration_ms: 0.511671
  type: 'test'
  ...
# Subtest: expression Null & "x"
ok 182 - expression Null & "x"
  ---
  duration_ms: 0.698693
  type: 'test'
  ...
# Subtest: expression Null + 1
ok 183 - expression Null + 1
  ---
  duration_ms: 1.328564
  type: 'test'
  ...
# Subtest: expression 5 Xor 3
ok 184 - expression 5 Xor 3
  ---
  duration_ms: 0.433103
  type: 'test'
  ...
# Subtest: expression 5 Eqv 3
ok 185 - expression 5 Eqv 3
  ---
  duration_ms: 0.448957
  type: 'test'
  ...
# Subtest: expression True Imp False
ok 186 - expression True Imp False
  ---
  duration_ms: 4.136026
  type: 'test'
  ...
# Subtest: For loop is inclusive and preserves final control value
ok 187 - For loop is inclusive and preserves final control value
  ---
  duration_ms: 3.027946
  type: 'test'
  ...
# Subtest: negative For step and Exit For
ok 188 - negative For step and Exit For
  ---
  duration_ms: 1.946765
  type: 'test'
  ...
# Subtest: If ElseIf Else branches
ok 189 - If ElseIf Else branches
  ---
  duration_ms: 1.111896
  type: 'test'
  ...
# Subtest: single-line If supports colon statements and Else
ok 190 - single-line If supports colon statements and Else
  ---
  duration_ms: 0.579854
  type: 'test'
  ...
# Subtest: Do While and Loop Until
ok 191 - Do While and Loop Until
  ---
  duration_ms: 0.750942
  type: 'test'
  ...
# Subtest: While Wend
ok 192 - While Wend
  ---
  duration_ms: 0.629409
  type: 'test'
  ...
# Subtest: Select Case ranges and relational cases
ok 193 - Select Case ranges and relational cases
  ---
  duration_ms: 1.182303
  type: 'test'
  ...
# Subtest: functions recurse and return typed values
ok 194 - functions recurse and return typed values
  ---
  duration_ms: 2.044112
  type: 'test'
  ...
# Subtest: ByRef changes caller, ByVal does not
ok 195 - ByRef changes caller, ByVal does not
  ---
  duration_ms: 1.016333
  type: 'test'
  ...
# Subtest: optional parameters and ParamArray
ok 196 - optional parameters and ParamArray
  ---
  duration_ms: 1.172178
  type: 'test'
  ...
# Subtest: Static local persists between invocations
ok 197 - Static local persists between invocations
  ---
  duration_ms: 0.611733
  type: 'test'
  ...
# Subtest: Option Explicit catches missing variable at execution
ok 198 - Option Explicit catches missing variable at execution
  ---
  duration_ms: 5.069403
  type: 'test'
  ...
# Subtest: Integer overflow is caught
ok 199 - Integer overflow is caught
  ---
  duration_ms: 0.572974
  type: 'test'
  ...
# Subtest: Option Compare Text applies to comparison
ok 200 - Option Compare Text applies to comparison
  ---
  duration_ms: 0.520905
  type: 'test'
  ...
# Subtest: typed multidimensional arrays and bounds
ok 201 - typed multidimensional arrays and bounds
  ---
  duration_ms: 1.109764
  type: 'test'
  ...
# Subtest: ReDim Preserve retains elements
ok 202 - ReDim Preserve retains elements
  ---
  duration_ms: 0.738463
  type: 'test'
  ...
# Subtest: For Each over an Array
ok 203 - For Each over an Array
  ---
  duration_ms: 0.662509
  type: 'test'
  ...
# Subtest: Collection uses one-based indices and keyed access
ok 204 - Collection uses one-based indices and keyed access
  ---
  duration_ms: 1.150695
  type: 'test'
  ...
# Subtest: Dictionary supports indexed assignment
ok 205 - Dictionary supports indexed assignment
  ---
  duration_ms: 1.070404
  type: 'test'
  ...
# Subtest: With member access updates objects
ok 206 - With member access updates objects
  ---
  duration_ms: 0.877603
  type: 'test'
  ...
# Subtest: class fields, initialization, methods and property accessors
ok 207 - class fields, initialization, methods and property accessors
  ---
  duration_ms: 1.449997
  type: 'test'
  ...
# Subtest: On Error Resume Next sets Err and resumes caller
ok 208 - On Error Resume Next sets Err and resumes caller
  ---
  duration_ms: 0.593846
  type: 'test'
  ...
# Subtest: On Error GoTo and Resume Next
ok 209 - On Error GoTo and Resume Next
  ---
  duration_ms: 2.357905
  type: 'test'
  ...
# Subtest: GoSub and Return
ok 210 - GoSub and Return
  ---
  duration_ms: 0.409467
  type: 'test'
  ...
# Subtest: Err.Raise participates in error handling
ok 211 - Err.Raise participates in error handling
  ---
  duration_ms: 0.588837
  type: 'test'
  ...
# Subtest: sequential text files round-trip in isolated virtual filesystem
ok 212 - sequential text files round-trip in isolated virtual filesystem
  ---
  duration_ms: 1.21339
  type: 'test'
  ...
# Subtest: Write/Input CSV round-trip strings and numbers
ok 213 - Write/Input CSV round-trip strings and numbers
  ---
  duration_ms: 0.910132
  type: 'test'
  ...
# Subtest: Scripting FileSystemObject text stream
ok 214 - Scripting FileSystemObject text stream
  ---
  duration_ms: 0.944985
  type: 'test'
  ...
# Subtest: in-memory Recordset fields and navigation
ok 215 - in-memory Recordset fields and navigation
  ---
  duration_ms: 1.630719
  type: 'test'
  ...
# Subtest: prototype escape is rejected
ok 216 - prototype escape is rejected
  ---
  duration_ms: 0.581477
  type: 'test'
  ...
# Subtest: infinite loops terminate at an instruction budget
ok 217 - infinite loops terminate at an instruction budget
  ---
  duration_ms: 40.069676
  type: 'test'
  ...
# Subtest: breakpoint pauses at source line before side effects, then steps
ok 218 - breakpoint pauses at source line before side effects, then steps
  ---
  duration_ms: 0.945947
  type: 'test'
  ...
# Subtest: banker rounding and typed ranges
ok 219 - banker rounding and typed ranges
  ---
  duration_ms: 0.09958
  type: 'test'
  ...
# Subtest: Currency stores a scaled integer
ok 220 - Currency stores a scaled integer
  ---
  duration_ms: 0.270768
  type: 'test'
  ...
# Subtest: ReDim Preserve disallows first-dimension changes
ok 221 - ReDim Preserve disallows first-dimension changes
  ---
  duration_ms: 0.124918
  type: 'test'
  ...
# Subtest: virtual filesystem normalizes traversal within its own root
ok 222 - virtual filesystem normalizes traversal within its own root
  ---
  duration_ms: 0.075043
  type: 'test'
  ...
# Subtest: builtin Left$("hello", 2)
ok 223 - builtin Left$("hello", 2)
  ---
  duration_ms: 0.448796
  type: 'test'
  ...
# Subtest: builtin Right$("hello", 2)
ok 224 - builtin Right$("hello", 2)
  ---
  duration_ms: 0.412512
  type: 'test'
  ...
# Subtest: builtin Mid$("hello", 2, 3)
ok 225 - builtin Mid$("hello", 2, 3)
  ---
  duration_ms: 0.337119
  type: 'test'
  ...
# Subtest: builtin Replace("a-b-a", "a", "x")
ok 226 - builtin Replace("a-b-a", "a", "x")
  ---
  duration_ms: 0.35819
  type: 'test'
  ...
# Subtest: builtin Join(Split("a,b,c", ","), "|")
ok 227 - builtin Join(Split("a,b,c", ","), "|")
  ---
  duration_ms: 0.498661
  type: 'test'
  ...
# Subtest: builtin InStr(2, "banana", "an")
ok 228 - builtin InStr(2, "banana", "an")
  ---
  duration_ms: 0.364109
  type: 'test'
  ...
# Subtest: builtin StrComp("A", "a", vbTextCompare)
ok 229 - builtin StrComp("A", "a", vbTextCompare)
  ---
  duration_ms: 0.375306
  type: 'test'
  ...
# Subtest: builtin Format$(12.5, "0.00")
ok 230 - builtin Format$(12.5, "0.00")
  ---
  duration_ms: 0.987889
  type: 'test'
  ...
# Subtest: builtin Format$(0.25, "0%")
ok 231 - builtin Format$(0.25, "0%")
  ---
  duration_ms: 0.561807
  type: 'test'
  ...
# Subtest: builtin RGB(255, 128, 0)
ok 232 - builtin RGB(255, 128, 0)
  ---
  duration_ms: 0.421866
  type: 'test'
  ...
# Subtest: builtin CInt(2.5)
ok 233 - builtin CInt(2.5)
  ---
  duration_ms: 0.32487
  type: 'test'
  ...
# Subtest: builtin CInt(3.5)
ok 234 - builtin CInt(3.5)
  ---
  duration_ms: 0.279431
  type: 'test'
  ...
# Subtest: builtin Month(DateSerial(2024, 2, 29))
ok 235 - builtin Month(DateSerial(2024, 2, 29))
  ---
  duration_ms: 0.654537
  type: 'test'
  ...
# Subtest: builtin Day(DateAdd("m", 1, DateSerial(2024, 1, 31)))
ok 236 - builtin Day(DateAdd("m", 1, DateSerial(2024, 1, 31)))
  ---
  duration_ms: 0.508227
  type: 'test'
  ...
# Subtest: builtin DateDiff("d", DateSerial(2024, 1, 1), DateSerial(2024, 1, 4))
ok 237 - builtin DateDiff("d", DateSerial(2024, 1, 1), DateSerial(2024, 1, 4))
  ---
  duration_ms: 0.557321
  type: 'test'
  ...
# Subtest: builtin Len("hello")
ok 238 - builtin Len("hello")
  ---
  duration_ms: 0.401345
  type: 'test'
  ...
# Subtest: builtin Asc("A")
ok 239 - builtin Asc("A")
  ---
  duration_ms: 0.359572
  type: 'test'
  ...
# Subtest: builtin Chr$(65)
ok 240 - builtin Chr$(65)
  ---
  duration_ms: 0.427124
  type: 'test'
  ...
# Subtest: builtin Hex$(255)
ok 241 - builtin Hex$(255)
  ---
  duration_ms: 0.392962
  type: 'test'
  ...
# Subtest: builtin Val(" 12.3 apples")
ok 242 - builtin Val(" 12.3 apples")
  ---
  duration_ms: 0.414715
  type: 'test'
  ...
# Subtest: WithEvents dispatches synchronously in connection order with shared ByRef arguments
ok 243 - WithEvents dispatches synchronously in connection order with shared ByRef arguments
  ---
  duration_ms: 1.838242
  type: 'test'
  ...
# Subtest: WithEvents detaches on Nothing and reassignment
ok 244 - WithEvents detaches on Nothing and reassignment
  ---
  duration_ms: 1.327692
  type: 'test'
  ...
# Subtest: WithEvents rejects standard module and procedure declarations
ok 245 - WithEvents rejects standard module and procedure declarations
  ---
  duration_ms: 0.285641
  type: 'test'
  ...
# Subtest: WithEvents rejects arrays and As New
ok 246 - WithEvents rejects arrays and As New
  ---
  duration_ms: 0.242586
  type: 'test'
  ...
# Subtest: RaiseEvent rejects undeclared events
ok 247 - RaiseEvent rejects undeclared events
  ---
  duration_ms: 0.664552
  type: 'test'
  ...
# Subtest: modal forms wait for a queued close handler before resuming the caller
ok 248 - modal forms wait for a queued close handler before resuming the caller
  ---
  duration_ms: 8.693258
  type: 'test'
  ...
# Subtest: nested modal forms preserve execution order and unwind the complete stack
ok 249 - nested modal forms preserve execution order and unwind the complete stack
  ---
  duration_ms: 21.413296
  type: 'test'
  ...
# Subtest: Forms collection includes loaded forms and newly constructed instances
ok 250 - Forms collection includes loaded forms and newly constructed instances
  ---
  duration_ms: 0.986537
  type: 'test'
  ...
# Subtest: QueryUnload cancellation leaves the form loaded and visible
ok 251 - QueryUnload cancellation leaves the form loaded and visible
  ---
  duration_ms: 0.544941
  type: 'test'
  ...
# Subtest: DoEvents pumps queued handlers while an enclosing VB procedure is active
ok 252 - DoEvents pumps queued handlers while an enclosing VB procedure is active
  ---
  duration_ms: 1.033788
  type: 'test'
  ...
# Subtest: native object implementation fields stay private; public case-collision APIs remain callable
ok 253 - native object implementation fields stay private; public case-collision APIs remain callable
  ---
  duration_ms: 0.560044
  type: 'test'
  ...
# Subtest: sample normalizes and compiles: orders
ok 254 - sample normalizes and compiles: orders
  ---
  duration_ms: 13.12562
  type: 'test'
  ...
# Subtest: sample normalizes and compiles: calculator
ok 255 - sample normalizes and compiles: calculator
  ---
  duration_ms: 3.173745
  type: 'test'
  ...
# Subtest: sample normalizes and compiles: clock
ok 256 - sample normalizes and compiles: clock
  ---
  duration_ms: 0.519083
  type: 'test'
  ...
# Subtest: sample normalizes and compiles: graphics
ok 257 - sample normalizes and compiles: graphics
  ---
  duration_ms: 0.767106
  type: 'test'
  ...
# Subtest: sample normalizes and compiles: data
ok 258 - sample normalizes and compiles: data
  ---
  duration_ms: 1.374412
  type: 'test'
  ...
# Subtest: sample normalizes and compiles: controls
ok 259 - sample normalizes and compiles: controls
  ---
  duration_ms: 0.88901
  type: 'test'
  ...
# Subtest: sample normalizes and compiles: language
ok 260 - sample normalizes and compiles: language
  ---
  duration_ms: 1.252959
  type: 'test'
  ...
# Subtest: sample normalizes and compiles: events
ok 261 - sample normalizes and compiles: events
  ---
  duration_ms: 1.589066
  type: 'test'
  ...
# Subtest: sample normalizes and compiles: richtext
ok 262 - sample normalizes and compiles: richtext
  ---
  duration_ms: 1.385589
  type: 'test'
  ...
# Subtest: sample normalizes and compiles: compatibility
ok 263 - sample normalizes and compiles: compatibility
  ---
  duration_ms: 3.255268
  type: 'test'
  ...
# Subtest: project normalization does not mutate original values
ok 264 - project normalization does not mutate original values
  ---
  duration_ms: 0.276267
  type: 'test'
  ...
# Subtest: project rejects future schema and missing modules
ok 265 - project rejects future schema and missing modules
  ---
  duration_ms: 0.423448
  type: 'test'
  ...
# Subtest: project rejects duplicate and invalid module names
ok 266 - project rejects duplicate and invalid module names
  ---
  duration_ms: 0.206001
  type: 'test'
  ...
# Subtest: project repairs duplicate object IDs
ok 267 - project repairs duplicate object IDs
  ---
  duration_ms: 0.151008
  type: 'test'
  ...
# Subtest: project accepts distinct control-array indices and rejects duplicate indices
ok 268 - project accepts distinct control-array indices and rejects duplicate indices
  ---
  duration_ms: 0.202846
  type: 'test'
  ...
# Subtest: project rejects cycles, missing parents and invalid bounds
ok 269 - project rejects cycles, missing parents and invalid bounds
  ---
  duration_ms: 0.315155
  type: 'test'
  ...
# Subtest: all offered control types have serializable models
ok 270 - all offered control types have serializable models
  ---
  duration_ms: 0.562688
  type: 'test'
  ...
# Subtest: FRM values preserve apostrophes, quotes, comments, hex and resource offsets
ok 271 - FRM values preserve apostrophes, quotes, comments, hex and resource offsets
  ---
  duration_ms: 0.459082
  type: 'test'
  ...
# Subtest: native FRM round-trip preserves code, nested parent, fonts and menus
ok 272 - native FRM round-trip preserves code, nested parent, fonts and menus
  ---
  duration_ms: 3.224462
  type: 'test'
  ...
# Subtest: FRM missing End is diagnosed instead of silently truncating
ok 273 - FRM missing End is diagnosed instead of silently truncating
  ---
  duration_ms: 0.30503
  type: 'test'
  ...
# Subtest: VBP round-trip preserves startup, module and class file memberships
ok 274 - VBP round-trip preserves startup, module and class file memberships
  ---
  duration_ms: 0.604301
  type: 'test'
  ...
# Subtest: class source import strips wrapper and attributes without dropping code
ok 275 - class source import strips wrapper and attributes without dropping code
  ---
  duration_ms: 1.384067
  type: 'test'
  ...
# Subtest: lossless browser-project export/import keeps control state and assets
ok 276 - lossless browser-project export/import keeps control state and assets
  ---
  duration_ms: 0.971014
  type: 'test'
  ...
# Subtest: native-style source bundle imports and diagnoses unavailable references
ok 277 - native-style source bundle imports and diagnoses unavailable references
  ---
  duration_ms: 1.241351
  type: 'test'
  ...
# Subtest: missing VBP member has an explicit diagnostic
ok 278 - missing VBP member has an explicit diagnostic
  ---
  duration_ms: 0.668819
  type: 'test'
  ...
# Subtest: legacy Windows-1252 source is decoded with an explicit warning
ok 279 - legacy Windows-1252 source is decoded with an explicit warning
  ---
  duration_ms: 0.561777
  type: 'test'
  ...
# Subtest: ZIP STORE round-trip supports binary bytes and UTF-8 names
ok 280 - ZIP STORE round-trip supports binary bytes and UTF-8 names
  ---
  duration_ms: 0.826767
  type: 'test'
  ...
# Subtest: ZIP CRC matches the published CRC32 check value
ok 281 - ZIP CRC matches the published CRC32 check value
  ---
  duration_ms: 0.073361
  type: 'test'
  ...
# Subtest: ZIP rejects path traversal, drive and absolute names
ok 282 - ZIP rejects path traversal, drive and absolute names
  ---
  duration_ms: 0.171248
  type: 'test'
  ...
# Subtest: ZIP rejects corrupted payload and declared expansion limit
ok 283 - ZIP rejects corrupted payload and declared expansion limit
  ---
  duration_ms: 0.412352
  type: 'test'
  ...
# Subtest: ZIP accepts raw DEFLATE files produced by another implementation
ok 284 - ZIP accepts raw DEFLATE files produced by another implementation
  ---
  duration_ms: 32.368149
  type: 'test'
  ...
# Subtest: HTML exporter embeds source safely without script injection
ok 285 - HTML exporter embeds source safely without script injection
  ---
  duration_ms: 1.136834
  type: 'test'
  ...
# Subtest: HTML exporter rejects syntax errors instead of shipping a broken application
ok 286 - HTML exporter rejects syntax errors instead of shipping a broken application
  ---
  duration_ms: 0.25872
  type: 'test'
  ...
# Subtest: HTML exporter has no external script or style dependencies
ok 287 - HTML exporter has no external script or style dependencies
  ---
  duration_ms: 1.229885
  type: 'test'
  ...
# Subtest: syntax highlighting escapes HTML while preserving VB strings and comments
ok 288 - syntax highlighting escapes HTML while preserving VB strings and comments
  ---
  duration_ms: 0.418441
  type: 'test'
  ...
# Subtest: rename handles identifiers and event prefixes but preserves strings/comments
ok 289 - rename handles identifiers and event prefixes but preserves strings/comments
  ---
  duration_ms: 0.233933
  type: 'test'
  ...
# Subtest: procedure index retains source line numbers
ok 290 - procedure index retains source line numbers
  ---
  duration_ms: 0.318911
  type: 'test'
  ...
# Subtest: formatter correctly indents nested Select Case and If branches
ok 291 - formatter correctly indents nested Select Case and If branches
  ---
  duration_ms: 0.732965
  type: 'test'
  ...
# Subtest: undo/redo snapshots remain immutable and discard redo after branching
ok 292 - undo/redo snapshots remain immutable and discard redo after branching
  ---
  duration_ms: 0.297829
  type: 'test'
  ...
# Subtest: source undo records only changed source, coalesces edits and composes with snapshots
ok 293 - source undo records only changed source, coalesces edits and composes with snapshots
  ---
  duration_ms: 0.198739
  type: 'test'
  ...
# Subtest: history honors count and approximate byte budgets
ok 294 - history honors count and approximate byte budgets
  ---
  duration_ms: 0.123746
  type: 'test'
  ...
# Subtest: signals unsubscribe listeners
ok 295 - signals unsubscribe listeners
  ---
  duration_ms: 0.102815
  type: 'test'
  ...
# Subtest: TreeView collection supports ordered nodes, expansion, removal and deep trees
ok 296 - TreeView collection supports ordered nodes, expansion, removal and deep trees
  ---
  duration_ms: 551.405767
  type: 'test'
  ...
# Subtest: ListView item mutation notifies and preserves indexed subitems
ok 297 - ListView item mutation notifies and preserves indexed subitems
  ---
  duration_ms: 3.650254
  type: 'test'
  ...
# Subtest: ControlArray reports sparse bounds and delegates Load and Unload
ok 298 - ControlArray reports sparse bounds and delegates Load and Unload
  ---
  duration_ms: 0.292461
  type: 'test'
  ...
# Subtest: project normalization preserves stable IDs across repeated loads
ok 299 - project normalization preserves stable IDs across repeated loads
  ---
  duration_ms: 0.774197
  type: 'test'
  ...
# Subtest: exported generator and runtime version match the release package
ok 300 - exported generator and runtime version match the release package
  ---
  duration_ms: 0.898555
  type: 'test'
  ...
# Subtest: UDT assignment copies fields and fixed-length strings
ok 301 - UDT assignment copies fields and fixed-length strings
  ---
  duration_ms: 13.540135
  type: 'test'
  ...
# Subtest: nested UDTs and fixed member arrays are copied independently
ok 302 - nested UDTs and fixed member arrays are copied independently
  ---
  duration_ms: 4.007813
  type: 'test'
  ...
# Subtest: record assignment preserves existing ByRef field references
ok 303 - record assignment preserves existing ByRef field references
  ---
  duration_ms: 2.477916
  type: 'test'
  ...
# Subtest: record assignment preserves nested field aliases
ok 304 - record assignment preserves nested field aliases
  ---
  duration_ms: 1.525641
  type: 'test'
  ...
# Subtest: record arrays allocate independent typed elements and copy element assignments
ok 305 - record arrays allocate independent typed elements and copy element assignments
  ---
  duration_ms: 2.186917
  type: 'test'
  ...
# Subtest: dynamic record arrays preserve old fields and initialize only new elements
ok 306 - dynamic record arrays preserve old fields and initialize only new elements
  ---
  duration_ms: 1.875988
  type: 'test'
  ...
# Subtest: Erase resets fixed arrays of UDTs without losing field types
ok 307 - Erase resets fixed arrays of UDTs without losing field types
  ---
  duration_ms: 1.172518
  type: 'test'
  ...
# Subtest: fixed-length string arrays preserve declared width after assignments and Erase
ok 308 - fixed-length string arrays preserve declared width after assignments and Erase
  ---
  duration_ms: 0.847538
  type: 'test'
  ...
# Subtest: dynamic array assignment copies values and bounds
ok 309 - dynamic array assignment copies values and bounds
  ---
  duration_ms: 1.973566
  type: 'test'
  ...
# Subtest: Variant array assignment has independent contents
ok 310 - Variant array assignment has independent contents
  ---
  duration_ms: 1.085506
  type: 'test'
  ...
# Subtest: ByVal Variant array arguments operate on a value copy
ok 311 - ByVal Variant array arguments operate on a value copy
  ---
  duration_ms: 0.72957
  type: 'test'
  ...
# Subtest: ByRef arrays continue to share typed array elements
ok 312 - ByRef arrays continue to share typed array elements
  ---
  duration_ms: 0.68255
  type: 'test'
  ...
# Subtest: UDT functions return typed zero-initialized storage and copied records
ok 313 - UDT functions return typed zero-initialized storage and copied records
  ---
  duration_ms: 4.117338
  type: 'test'
  ...
# Subtest: ByVal record and typed array declarations are diagnosed, but ParamArray is valid
ok 314 - ByVal record and typed array declarations are diagnosed, but ParamArray is valid
  ---
  duration_ms: 0.42487
  type: 'test'
  ...
# Subtest: ByRef UDT mismatches fail rather than changing an unrelated record
ok 315 - ByRef UDT mismatches fail rather than changing an unrelated record
  ---
  duration_ms: 0.7559
  type: 'test'
  ...
# Subtest: UDT assignments reject different record types and scalars
ok 316 - UDT assignments reject different record types and scalars
  ---
  duration_ms: 2.557426
  type: 'test'
  ...
# Subtest: fixed-size array whole assignments and redimensioning fail explicitly
ok 317 - fixed-size array whole assignments and redimensioning fail explicitly
  ---
  duration_ms: 2.001918
  type: 'test'
  ...
# Subtest: typed array assignments reject incompatible element types
ok 318 - typed array assignments reject incompatible element types
  ---
  duration_ms: 0.582398
  type: 'test'
  ...
# Subtest: ReDim failure leaves bounds and data unchanged
ok 319 - ReDim failure leaves bounds and data unchanged
  ---
  duration_ms: 0.282927
  type: 'test'
  ...
# Subtest: cloning array values does not clone actual object references
ok 320 - cloning array values does not clone actual object references
  ---
  duration_ms: 0.485803
  type: 'test'
  ...
# Subtest: copying malformed same-name records is atomic
ok 321 - copying malformed same-name records is atomic
  ---
  duration_ms: 0.285421
  type: 'test'
  ...
# Subtest: UDTs are values, not assignable Object references
ok 322 - UDTs are values, not assignable Object references
  ---
  duration_ms: 0.098859
  type: 'test'
  ...
# Subtest: arrays of UDTs encode and decode as typed records with no spurious descriptors
ok 323 - arrays of UDTs encode and decode as typed records with no spurious descriptors
  ---
  duration_ms: 2.337725
  type: 'test'
  ...
# Subtest: Random arrays of UDTs retain descriptors and element factories
ok 324 - Random arrays of UDTs retain descriptors and element factories
  ---
  duration_ms: 3.997367
  type: 'test'
  ...
# Subtest: records with fixed-length string arrays use raw fixed-width bytes
ok 325 - records with fixed-length string arrays use raw fixed-width bytes
  ---
  duration_ms: 4.158581
  type: 'test'
  ...
# Subtest: array rank and Long subscript bounds are checked before allocation
ok 326 - array rank and Long subscript bounds are checked before allocation
  ---
  duration_ms: 0.267223
  type: 'test'
  ...
# Subtest: multidimensional array enumeration visits the first dimension fastest
ok 327 - multidimensional array enumeration visits the first dimension fastest
  ---
  duration_ms: 0.159821
  type: 'test'
  ...
# Subtest: IsObject excludes Currency and record values but includes Nothing references
ok 328 - IsObject excludes Currency and record values but includes Nothing references
  ---
  duration_ms: 0.831233
  type: 'test'
  ...
# Subtest: FRX text8 round-trip decodes Windows-1252 text
ok 329 - FRX text8 round-trip decodes Windows-1252 text
  ---
  duration_ms: 1.733163
  type: 'test'
  ...
# Subtest: FRX text16 round-trip decodes Windows-1252 text
ok 330 - FRX text16 round-trip decodes Windows-1252 text
  ---
  duration_ms: 0.236997
  type: 'test'
  ...
# Subtest: FRX text32 round-trip decodes Windows-1252 text
ok 331 - FRX text32 round-trip decodes Windows-1252 text
  ---
  duration_ms: 0.267684
  type: 'test'
  ...
# Subtest: FRX text writers upgrade undersized headers
ok 332 - FRX text writers upgrade undersized headers
  ---
  duration_ms: 8.769162
  type: 'test'
  ...
# Subtest: FRX pictures preserve byte layout, exact length, and raster bytes
ok 333 - FRX pictures preserve byte layout, exact length, and raster bytes
  ---
  duration_ms: 1.257566
  type: 'test'
  ...
# Subtest: FRX list records retain empty entries, extended characters and signature
ok 334 - FRX list records retain empty entries, extended characters and signature
  ---
  duration_ms: 0.325751
  type: 'test'
  ...
# Subtest: FRX rejects overrun, mismatched length, and malformed lists without unsafe reads
ok 335 - FRX rejects overrun, mismatched length, and malformed lists without unsafe reads
  ---
  duration_ms: 0.458422
  type: 'test'
  ...
# Subtest: FRX rejects invalid offsets and unsafe embedded URLs
ok 336 - FRX rejects invalid offsets and unsafe embedded URLs
  ---
  duration_ms: 0.296928
  type: 'test'
  ...
# Subtest: FRX DIB records become valid BMP wrappers with palette offset
ok 337 - FRX DIB records become valid BMP wrappers with palette offset
  ---
  duration_ms: 0.362737
  type: 'test'
  ...
# Subtest: resource references preserve dollar-text prefix and escaped names
ok 338 - resource references preserve dollar-text prefix and escaped names
  ---
  duration_ms: 0.545112
  type: 'test'
  ...
# Subtest: project paths resolve relative and case-insensitive references without ambiguity
ok 339 - project paths resolve relative and case-insensitive references without ambiguity
  ---
  duration_ms: 0.509479
  type: 'test'
  ...
# Subtest: project paths reject traversal outside the root and absolute targets
ok 340 - project paths reject traversal outside the root and absolute targets
  ---
  duration_ms: 0.190217
  type: 'test'
  ...
# Subtest: FRX import hydrates text and preserves native bytes/reference on unchanged export
ok 341 - FRX import hydrates text and preserves native bytes/reference on unchanged export
  ---
  duration_ms: 4.989603
  type: 'test'
  ...
# Subtest: edited FRX text appends a new record and leaves every original byte unchanged
ok 342 - edited FRX text appends a new record and leaves every original byte unchanged
  ---
  duration_ms: 1.459811
  type: 'test'
  ...
# Subtest: FRX List edits do not mutate the resource baseline or lose native export
ok 343 - FRX List edits do not mutate the resource baseline or lose native export
  ---
  duration_ms: 1.298468
  type: 'test'
  ...
# Subtest: FRX pictures hydrate as offline data URLs and survive exact native round-trip
ok 344 - FRX pictures hydrate as offline data URLs and survive exact native round-trip
  ---
  duration_ms: 0.665433
  type: 'test'
  ...
# Subtest: unknown resource records remain opaque with useful diagnostics and unmodified bytes
ok 345 - unknown resource records remain opaque with useful diagnostics and unmodified bytes
  ---
  duration_ms: 0.526374
  type: 'test'
  ...
# Subtest: missing and corrupt FRX records produce warnings rather than corrupting source metadata
ok 346 - missing and corrupt FRX records produce warnings rather than corrupting source metadata
  ---
  duration_ms: 0.818735
  type: 'test'
  ...
# Subtest: native export writes newly designed multiline text, list and picture FRX entries
ok 347 - native export writes newly designed multiline text, list and picture FRX entries
  ---
  duration_ms: 2.833042
  type: 'test'
  ...
# Subtest: import respects VBP membership, native nested paths and raw metadata
ok 348 - import respects VBP membership, native nested paths and raw metadata
  ---
  duration_ms: 0.985395
  type: 'test'
  ...
# Subtest: native source retains module/member attributes and class header options
ok 349 - native source retains module/member attributes and class header options
  ---
  duration_ms: 0.664612
  type: 'test'
  ...
# Subtest: FRM nested property groups and OCX declarations survive serialization
ok 350 - FRM nested property groups and OCX declarations survive serialization
  ---
  duration_ms: 0.290418
  type: 'test'
  ...
# Subtest: legacy native source exports in its original Windows-1252 encoding
ok 351 - legacy native source exports in its original Windows-1252 encoding
  ---
  duration_ms: 0.479543
  type: 'test'
  ...
# Subtest: case-only duplicate paths are rejected before interpretation
ok 352 - case-only duplicate paths are rejected before interpretation
  ---
  duration_ms: 0.248916
  type: 'test'
  ...
# Subtest: resource aggregate preserves multiple adjacent records and offsets
ok 353 - resource aggregate preserves multiple adjacent records and offsets
  ---
  duration_ms: 0.168014
  type: 'test'
  ...
# Subtest: RTF preserves original byte characters while unchanged
ok 354 - RTF preserves original byte characters while unchanged
  ---
  duration_ms: 1.875127
  type: 'test'
  ...
# Subtest: RTF Unicode fallbacks, signed surrogates, CRLF and tabs preserve UTF-16 indices
ok 355 - RTF Unicode fallbacks, signed surrogates, CRLF and tabs preserve UTF-16 indices
  ---
  duration_ms: 0.426022
  type: 'test'
  ...
# Subtest: RTF nested group formatting restores the enclosing character state
ok 356 - RTF nested group formatting restores the enclosing character state
  ---
  duration_ms: 0.363588
  type: 'test'
  ...
# Subtest: RTF multiple fallback bytes and escaped fallback symbols are skipped exactly
ok 357 - RTF multiple fallback bytes and escaped fallback symbols are skipped exactly
  ---
  duration_ms: 0.243548
  type: 'test'
  ...
# Subtest: RTF font table default, font switching, Unicode font names and plain reset
ok 358 - RTF font table default, font switching, Unicode font names and plain reset
  ---
  duration_ms: 0.276026
  type: 'test'
  ...
# Subtest: RTF color table, half point sizes, strike, underline and hidden text
ok 359 - RTF color table, half point sizes, strike, underline and hidden text
  ---
  duration_ms: 0.659144
  type: 'test'
  ...
# Subtest: RTF paragraph alignment and indentation restore with pard
ok 360 - RTF paragraph alignment and indentation restore with pard
  ---
  duration_ms: 0.327484
  type: 'test'
  ...
# Subtest: RTF Windows-1251, Shift-JIS and font-level charsets decode contiguous bytes
ok 361 - RTF Windows-1251, Shift-JIS and font-level charsets decode contiguous bytes
  ---
  duration_ms: 0.367164
  type: 'test'
  ...
# Subtest: RTF unknown destinations and OLE/binary groups cannot become active content
ok 362 - RTF unknown destinations and OLE/binary groups cannot become active content
  ---
  duration_ms: 0.970113
  type: 'test'
  ...
# Subtest: RTF unsupported structures remain warned, and failure to export is not destructive
ok 363 - RTF unsupported structures remain warned, and failure to export is not destructive
  ---
  duration_ms: 0.59051
  type: 'test'
  ...
# Subtest: RTF rejects invalid header without running content
ok 364 - RTF rejects invalid header without running content
  ---
  duration_ms: 0.705774
  type: 'test'
  ...
# Subtest: RTF rejects invalid unclosed without running content
ok 365 - RTF rejects invalid unclosed without running content
  ---
  duration_ms: 0.10595
  type: 'test'
  ...
# Subtest: RTF rejects invalid extra without running content
ok 366 - RTF rejects invalid extra without running content
  ---
  duration_ms: 0.084308
  type: 'test'
  ...
# Subtest: RTF rejects invalid roots without running content
ok 367 - RTF rejects invalid roots without running content
  ---
  duration_ms: 0.059039
  type: 'test'
  ...
# Subtest: RTF rejects invalid suffix without running content
ok 368 - RTF rejects invalid suffix without running content
  ---
  duration_ms: 0.075895
  type: 'test'
  ...
# Subtest: RTF rejects invalid hex without running content
ok 369 - RTF rejects invalid hex without running content
  ---
  duration_ms: 0.052409
  type: 'test'
  ...
# Subtest: RTF rejects invalid binary without running content
ok 370 - RTF rejects invalid binary without running content
  ---
  duration_ms: 0.054943
  type: 'test'
  ...
# Subtest: RTF rejects invalid unicode without running content
ok 371 - RTF rejects invalid unicode without running content
  ---
  duration_ms: 0.055614
  type: 'test'
  ...
# Subtest: RTF rejects invalid fallback without running content
ok 372 - RTF rejects invalid fallback without running content
  ---
  duration_ms: 0.098919
  type: 'test'
  ...
# Subtest: RTF rejects invalid size without running content
ok 373 - RTF rejects invalid size without running content
  ---
  duration_ms: 0.108433
  type: 'test'
  ...
# Subtest: RTF rejects invalid color without running content
ok 374 - RTF rejects invalid color without running content
  ---
  duration_ms: 0.067832
  type: 'test'
  ...
# Subtest: RTF rejects invalid codepage without running content
ok 375 - RTF rejects invalid codepage without running content
  ---
  duration_ms: 0.056395
  type: 'test'
  ...
# Subtest: RTF group nesting and source size limits reject unbounded input
ok 376 - RTF group nesting and source size limits reject unbounded input
  ---
  duration_ms: 0.177758
  type: 'test'
  ...
# Subtest: Rich text CRLF normalization happens at input, not during range slicing
ok 377 - Rich text CRLF normalization happens at input, not during range slicing
  ---
  duration_ms: 0.204979
  type: 'test'
  ...
# Subtest: Rich text insertion, removal and formatting keep adjacent styles and merge runs
ok 378 - Rich text insertion, removal and formatting keep adjacent styles and merge runs
  ---
  duration_ms: 0.211008
  type: 'test'
  ...
# Subtest: Rich text range and length errors leave the document unchanged
ok 379 - Rich text range and length errors leave the document unchanged
  ---
  duration_ms: 2.10248
  type: 'test'
  ...
# Subtest: Rich text paragraph formatting uses full paragraphs without touching the next boundary
ok 380 - Rich text paragraph formatting uses full paragraphs without touching the next boundary
  ---
  duration_ms: 0.41748
  type: 'test'
  ...
# Subtest: Rich text empty and final empty paragraph formatting survives RTF export
ok 381 - Rich text empty and final empty paragraph formatting survives RTF export
  ---
  duration_ms: 0.37112
  type: 'test'
  ...
# Subtest: Rich text snapshot restores text, formatting, original RTF, tail style and warnings
ok 382 - Rich text snapshot restores text, formatting, original RTF, tail style and warnings
  ---
  duration_ms: 0.254734
  type: 'test'
  ...
# Subtest: RTF edited writer round-trips Unicode, escaping and every supported style
ok 383 - RTF edited writer round-trips Unicode, escaping and every supported style
  ---
  duration_ms: 0.639254
  type: 'test'
  ...
# Subtest: RTF writer is deterministic over independently constructed equal runs
ok 384 - RTF writer is deterministic over independently constructed equal runs
  ---
  duration_ms: 0.216517
  type: 'test'
  ...
# Subtest: RichTextBox constants match file types, alignment and search bit flags
ok 385 - RichTextBox constants match file types, alignment and search bit flags
  ---
  duration_ms: 0.093661
  type: 'test'
  ...
# Subtest: DateAdd year clamps 2024-02-29 1
ok 386 - DateAdd year clamps 2024-02-29 1
  ---
  duration_ms: 2.066566
  type: 'test'
  ...
# Subtest: DateAdd year clamps 2024-02-29 -4
ok 387 - DateAdd year clamps 2024-02-29 -4
  ---
  duration_ms: 0.322607
  type: 'test'
  ...
# Subtest: DateAdd year clamps 2024-01-31 1
ok 388 - DateAdd year clamps 2024-01-31 1
  ---
  duration_ms: 0.145038
  type: 'test'
  ...
# Subtest: DateAdd m 2024-01-31 1
ok 389 - DateAdd m 2024-01-31 1
  ---
  duration_ms: 0.115444
  type: 'test'
  ...
# Subtest: DateAdd m 2023-03-31 -1
ok 390 - DateAdd m 2023-03-31 -1
  ---
  duration_ms: 0.166071
  type: 'test'
  ...
# Subtest: DateAdd q 2024-11-30 1
ok 391 - DateAdd q 2024-11-30 1
  ---
  duration_ms: 0.090186
  type: 'test'
  ...
# Subtest: DateAdd d 2024-02-28 1
ok 392 - DateAdd d 2024-02-28 1
  ---
  duration_ms: 0.159881
  type: 'test'
  ...
# Subtest: DateAdd w 2024-02-28 1
ok 393 - DateAdd w 2024-02-28 1
  ---
  duration_ms: 0.124879
  type: 'test'
  ...
# Subtest: DateAdd rounds amount ties-to-even
ok 394 - DateAdd rounds amount ties-to-even
  ---
  duration_ms: 0.401525
  type: 'test'
  ...
# Subtest: DateDiff counts yyyy boundaries
ok 395 - DateDiff counts yyyy boundaries
  ---
  duration_ms: 0.432552
  type: 'test'
  ...
# Subtest: DateDiff counts q boundaries
ok 396 - DateDiff counts q boundaries
  ---
  duration_ms: 0.307143
  type: 'test'
  ...
# Subtest: DateDiff counts m boundaries
ok 397 - DateDiff counts m boundaries
  ---
  duration_ms: 0.071708
  type: 'test'
  ...
# Subtest: DateDiff counts d boundaries
ok 398 - DateDiff counts d boundaries
  ---
  duration_ms: 0.823141
  type: 'test'
  ...
# Subtest: DateDiff counts h boundaries
ok 399 - DateDiff counts h boundaries
  ---
  duration_ms: 0.083686
  type: 'test'
  ...
# Subtest: DateDiff counts n boundaries
ok 400 - DateDiff counts n boundaries
  ---
  duration_ms: 0.142485
  type: 'test'
  ...
# Subtest: DateDiff counts s boundaries
ok 401 - DateDiff counts s boundaries
  ---
  duration_ms: 0.066521
  type: 'test'
  ...
# Subtest: DateDiff weekday is distinct from calendar week
ok 402 - DateDiff weekday is distinct from calendar week
  ---
  duration_ms: 0.116315
  type: 'test'
  ...
# Subtest: DatePart all supported intervals
ok 403 - DatePart all supported intervals
  ---
  duration_ms: 0.294805
  type: 'test'
  ...
# Subtest: DatePart week rules handle previous-year first days
ok 404 - DatePart week rules handle previous-year first days
  ---
  duration_ms: 0.093241
  type: 'test'
  ...
# Subtest: OLE DATE fractional conversion -1.25
ok 405 - OLE DATE fractional conversion -1.25
  ---
  duration_ms: 0.129535
  type: 'test'
  ...
# Subtest: OLE DATE fractional conversion -2.5
ok 406 - OLE DATE fractional conversion -2.5
  ---
  duration_ms: 0.053501
  type: 'test'
  ...
# Subtest: OLE DATE fractional conversion -0.5
ok 407 - OLE DATE fractional conversion -0.5
  ---
  duration_ms: 0.041042
  type: 'test'
  ...
# Subtest: OLE DATE fractional conversion 0
ok 408 - OLE DATE fractional conversion 0
  ---
  duration_ms: 0.035894
  type: 'test'
  ...
# Subtest: OLE DATE fractional conversion 2.25
ok 409 - OLE DATE fractional conversion 2.25
  ---
  duration_ms: 0.038448
  type: 'test'
  ...
# Subtest: OLE dates at year 100/9999 boundaries and overflow
ok 410 - OLE dates at year 100/9999 boundaries and overflow
  ---
  duration_ms: 0.574106
  type: 'test'
  ...
# Subtest: DateSerial rollover and TimeSerial normalization
ok 411 - DateSerial rollover and TimeSerial normalization
  ---
  duration_ms: 3.042027
  type: 'test'
  ...
# Subtest: time-only CDate uses OLE epoch and AM/PM
ok 412 - time-only CDate uses OLE epoch and AM/PM
  ---
  duration_ms: 0.440925
  type: 'test'
  ...
# Subtest: Weekday and localized-name defaults have bounded arguments
ok 413 - Weekday and localized-name defaults have bounded arguments
  ---
  duration_ms: 18.010626
  type: 'test'
  ...
# Subtest: Date conversion rejects invalid civil dates without normalizing them
ok 414 - Date conversion rejects invalid civil dates without normalizing them
  ---
  duration_ms: 0.379081
  type: 'test'
  ...
# Subtest: civil calculations work across Warsaw daylight-saving boundary
ok 415 - civil calculations work across Warsaw daylight-saving boundary
  ---
  duration_ms: 28.749347
  type: 'test'
  ...
# Subtest: date literals and source functions use civil date parsing
ok 416 - date literals and source functions use civil date parsing
  ---
  duration_ms: 14.997012
  type: 'test'
  ...
# Subtest: calendar named arguments and week constants
ok 417 - calendar named arguments and week constants
  ---
  duration_ms: 2.524106
  type: 'test'
  ...
# Subtest: IsDate and IsNumeric reject Null/Nothing/Error
ok 418 - IsDate and IsNumeric reject Null/Nothing/Error
  ---
  duration_ms: 3.247807
  type: 'test'
  ...
# Subtest: CVErr remains a Variant Error with explicit conversions
ok 419 - CVErr remains a Variant Error with explicit conversions
  ---
  duration_ms: 3.61405
  type: 'test'
  ...
# Subtest: implicit Error conversion rejects String
ok 420 - implicit Error conversion rejects String
  ---
  duration_ms: 0.171158
  type: 'test'
  ...
# Subtest: implicit Error conversion rejects Long
ok 421 - implicit Error conversion rejects Long
  ---
  duration_ms: 0.167903
  type: 'test'
  ...
# Subtest: implicit Error conversion rejects Integer
ok 422 - implicit Error conversion rejects Integer
  ---
  duration_ms: 0.105679
  type: 'test'
  ...
# Subtest: implicit Error conversion rejects Double
ok 423 - implicit Error conversion rejects Double
  ---
  duration_ms: 0.095784
  type: 'test'
  ...
# Subtest: implicit Error conversion rejects Date
ok 424 - implicit Error conversion rejects Date
  ---
  duration_ms: 0.163096
  type: 'test'
  ...
# Subtest: implicit Error conversion rejects Object
ok 425 - implicit Error conversion rejects Object
  ---
  duration_ms: 0.101122
  type: 'test'
  ...
# Subtest: Error arithmetic and comparisons reject implicit coercion
ok 426 - Error arithmetic and comparisons reject implicit coercion
  ---
  duration_ms: 0.500756
  type: 'test'
  ...
# Subtest: CVErr range and integral rounding
ok 427 - CVErr range and integral rounding
  ---
  duration_ms: 0.182926
  type: 'test'
  ...
# Subtest: Error variants survive typed binary Get/Put
ok 428 - Error variants survive typed binary Get/Put
  ---
  duration_ms: 0.840547
  type: 'test'
  ...
# Subtest: negative fractional dates survive typed binary Get/Put
ok 429 - negative fractional dates survive typed binary Get/Put
  ---
  duration_ms: 0.186691
  type: 'test'
  ...
# Subtest: CallByName dispatches methods, fields and indexed properties
ok 430 - CallByName dispatches methods, fields and indexed properties
  ---
  duration_ms: 6.430927
  type: 'test'
  ...
# Subtest: CallByName vbSet preserves identity and Nothing
ok 431 - CallByName vbSet preserves identity and Nothing
  ---
  duration_ms: 9.042294
  type: 'test'
  ...
# Subtest: CallByName native dictionary methods and indexed property
ok 432 - CallByName native dictionary methods and indexed property
  ---
  duration_ms: 1.927837
  type: 'test'
  ...
# Subtest: strict dispatch rejects Debug.Print b.hidden
ok 433 - strict dispatch rejects Debug.Print b.hidden
  ---
  duration_ms: 1.929329
  type: 'test'
  ...
# Subtest: strict dispatch rejects b.hidden = 3
ok 434 - strict dispatch rejects b.hidden = 3
  ---
  duration_ms: 2.507581
  type: 'test'
  ...
# Subtest: strict dispatch rejects Debug.Print b.Secret()
ok 435 - strict dispatch rejects Debug.Print b.Secret()
  ---
  duration_ms: 1.515375
  type: 'test'
  ...
# Subtest: strict dispatch rejects Debug.Print CallByName(b, "hidden", vbGet)
ok 436 - strict dispatch rejects Debug.Print CallByName(b, "hidden", vbGet)
  ---
  duration_ms: 1.483536
  type: 'test'
  ...
# Subtest: strict dispatch rejects Debug.Print CallByName(b, "Secret", vbMethod)
ok 437 - strict dispatch rejects Debug.Print CallByName(b, "Secret", vbMethod)
  ---
  duration_ms: 1.365619
  type: 'test'
  ...
# Subtest: strict dispatch rejects CallByName b, "Missing", vbLet, 2
ok 438 - strict dispatch rejects CallByName b, "Missing", vbLet, 2
  ---
  duration_ms: 2.384265
  type: 'test'
  ...
# Subtest: strict dispatch rejects CallByName b, "Value", vbMethod
ok 439 - strict dispatch rejects CallByName b, "Value", vbMethod
  ---
  duration_ms: 1.413451
  type: 'test'
  ...
# Subtest: strict dispatch rejects CallByName b, "Multiply", vbGet, 2
ok 440 - strict dispatch rejects CallByName b, "Multiply", vbGet, 2
  ---
  duration_ms: 3.821661
  type: 'test'
  ...
# Subtest: strict dispatch rejects CallByName b, "Value", 99, 1
ok 441 - strict dispatch rejects CallByName b, "Value", 99, 1
  ---
  duration_ms: 3.304683
  type: 'test'
  ...
# Subtest: strict dispatch rejects CallByName b, "Child", vbSet, 2
ok 442 - strict dispatch rejects CallByName b, "Child", vbSet, 2
  ---
  duration_ms: 2.311896
  type: 'test'
  ...
# Subtest: strict dispatch rejects CallByName b, "Child", vbLet, 2
ok 443 - strict dispatch rejects CallByName b, "Child", vbLet, 2
  ---
  duration_ms: 1.756479
  type: 'test'
  ...
# Subtest: strict dispatch rejects CallByName b, "Value", vbGet, 2
ok 444 - strict dispatch rejects CallByName b, "Value", vbGet, 2
  ---
  duration_ms: 1.56548
  type: 'test'
  ...
# Subtest: strict dispatch rejects Debug.Print CallByName(Nothing,"X",vbGet)
ok 445 - strict dispatch rejects Debug.Print CallByName(Nothing,"X",vbGet)
  ---
  duration_ms: 1.053328
  type: 'test'
  ...
# Subtest: strict dispatch rejects Debug.Print CallByName(3,"X",vbGet)
ok 446 - strict dispatch rejects Debug.Print CallByName(3,"X",vbGet)
  ---
  duration_ms: 1.079298
  type: 'test'
  ...
# Subtest: strict dispatch rejects Debug.Print CallByName(b,"constructor",vbMethod)
ok 447 - strict dispatch rejects Debug.Print CallByName(b,"constructor",vbMethod)
  ---
  duration_ms: 1.241402
  type: 'test'
  ...
# Subtest: strict dispatch rejects Debug.Print CallByName(b,"__proto__",vbGet)
ok 448 - strict dispatch rejects Debug.Print CallByName(b,"__proto__",vbGet)
  ---
  duration_ms: 1.283805
  type: 'test'
  ...
# Subtest: strict dispatch rejects Debug.Print CallByName(b,"_runtime",vbGet)
ok 449 - strict dispatch rejects Debug.Print CallByName(b,"_runtime",vbGet)
  ---
  duration_ms: 1.292659
  type: 'test'
  ...
# Subtest: Private module fields are invisible across modules
ok 450 - Private module fields are invisible across modules
  ---
  duration_ms: 2.185525
  type: 'test'
  ...
# Subtest: Public module fields remain accessible
ok 451 - Public module fields remain accessible
  ---
  duration_ms: 0.572693
  type: 'test'
  ...
# Subtest: same class code can access Private fields of peer instances
ok 452 - same class code can access Private fields of peer instances
  ---
  duration_ms: 0.922021
  type: 'test'
  ...
# Subtest: Error variants cannot be truth values
ok 453 - Error variants cannot be truth values
  ---
  duration_ms: 0.699014
  type: 'test'
  ...
# Subtest: TypeOf rejects Variant Error rather than treating it as an object
ok 454 - TypeOf rejects Variant Error rather than treating it as an object
  ---
  duration_ms: 0.498612
  type: 'test'
  ...
# Subtest: indexed private property setter cannot bypass public getter visibility
ok 455 - indexed private property setter cannot bypass public getter visibility
  ---
  duration_ms: 0.991795
  type: 'test'
  ...
# Subtest: three named deterministic palettes; no unsafe theme identifiers
ok 456 - three named deterministic palettes; no unsafe theme identifiers
  ---
  duration_ms: 3.101321
  type: 'test'
  ...
# Subtest: Win32 system colors resolve all 31 slots in each palette
ok 457 - Win32 system colors resolve all 31 slots in each palette
  ---
  duration_ms: 0.653795
  type: 'test'
  ...
# Subtest: signed and unsigned OLE system colors resolve identically
ok 458 - signed and unsigned OLE system colors resolve identically
  ---
  duration_ms: 0.14574
  type: 'test'
  ...
# Subtest: authored RGB literals do not change between themes
ok 459 - authored RGB literals do not change between themes
  ---
  duration_ms: 1.389615
  type: 'test'
  ...
# Subtest: DOM colors reference semantic system variables; invalid values use fallback
ok 460 - DOM colors reference semantic system variables; invalid values use fallback
  ---
  duration_ms: 0.288134
  type: 'test'
  ...
# Subtest: font fallback preserves locally installed MS Sans Serif rather than replacing it with Arial
ok 461 - font fallback preserves locally installed MS Sans Serif rather than replacing it with Arial
  ---
  duration_ms: 0.276977
  type: 'test'
  ...
# Subtest: appearance input is allow-listed and classic defaults hide modern document/debug tabs
ok 462 - appearance input is allow-listed and classic defaults hide modern document/debug tabs
  ---
  duration_ms: 0.275525
  type: 'test'
  ...
# Subtest: all intrinsic and extended toolbox entries have font-independent glyphs
ok 463 - all intrinsic and extended toolbox entries have font-independent glyphs
  ---
  duration_ms: 0.210067
  type: 'test'
  ...
# Subtest: Currency exact decimal 922337203685477.5807
ok 464 - Currency exact decimal 922337203685477.5807
  ---
  duration_ms: 1.620493
  type: 'test'
  ...
# Subtest: Currency exact decimal -922337203685477.5808
ok 465 - Currency exact decimal -922337203685477.5808
  ---
  duration_ms: 0.679936
  type: 'test'
  ...
# Subtest: Currency exact decimal 0.0001
ok 466 - Currency exact decimal 0.0001
  ---
  duration_ms: 0.184107
  type: 'test'
  ...
# Subtest: Currency exact decimal -0.0001
ok 467 - Currency exact decimal -0.0001
  ---
  duration_ms: 0.186962
  type: 'test'
  ...
# Subtest: Currency exact decimal 123456789012345.1234
ok 468 - Currency exact decimal 123456789012345.1234
  ---
  duration_ms: 0.120432
  type: 'test'
  ...
# Subtest: Currency exact decimal 0
ok 469 - Currency exact decimal 0
  ---
  duration_ms: 0.117487
  type: 'test'
  ...
# Subtest: Currency exact decimal 1.23
ok 470 - Currency exact decimal 1.23
  ---
  duration_ms: 0.181073
  type: 'test'
  ...
# Subtest: Currency decimal rounding 1.23445
ok 471 - Currency decimal rounding 1.23445
  ---
  duration_ms: 0.183187
  type: 'test'
  ...
# Subtest: Currency decimal rounding 1.23455
ok 472 - Currency decimal rounding 1.23455
  ---
  duration_ms: 0.427234
  type: 'test'
  ...
# Subtest: Currency decimal rounding -1.23445
ok 473 - Currency decimal rounding -1.23445
  ---
  duration_ms: 0.467795
  type: 'test'
  ...
# Subtest: Currency decimal rounding -1.23455
ok 474 - Currency decimal rounding -1.23455
  ---
  duration_ms: 0.181033
  type: 'test'
  ...
# Subtest: Currency decimal rounding 1.23456e2
ok 475 - Currency decimal rounding 1.23456e2
  ---
  duration_ms: 0.137727
  type: 'test'
  ...
# Subtest: Currency decimal rounding .00005
ok 476 - Currency decimal rounding .00005
  ---
  duration_ms: 0.093541
  type: 'test'
  ...
# Subtest: Currency decimal rounding .00015
ok 477 - Currency decimal rounding .00015
  ---
  duration_ms: 0.080382
  type: 'test'
  ...
# Subtest: Currency rejects both range overflows
ok 478 - Currency rejects both range overflows
  ---
  duration_ms: 0.508817
  type: 'test'
  ...
# Subtest: Currency multiplication retains integer precision and ties to even
ok 479 - Currency multiplication retains integer precision and ties to even
  ---
  duration_ms: 0.442147
  type: 'test'
  ...
# Subtest: Currency comparisons distinguish adjacent units at the upper range
ok 480 - Currency comparisons distinguish adjacent units at the upper range
  ---
  duration_ms: 0.169375
  type: 'test'
  ...
# Subtest: Currency unary and checked arithmetic do not silently overflow
ok 481 - Currency unary and checked arithmetic do not silently overflow
  ---
  duration_ms: 0.287524
  type: 'test'
  ...
# Subtest: Currency literals and library functions execute without IEEE conversion
ok 482 - Currency literals and library functions execute without IEEE conversion
  ---
  duration_ms: 15.982077
  type: 'test'
  ...
# Subtest: Null concatenation and implication have explicit three-valued results
ok 483 - Null concatenation and implication have explicit three-valued results
  ---
  duration_ms: 0.158298
  type: 'test'
  ...
# Subtest: Nothing is distinct from Null, Empty, and non-object operands
ok 484 - Nothing is distinct from Null, Empty, and non-object operands
  ---
  duration_ms: 3.054164
  type: 'test'
  ...
# Subtest: As New is lazy, aliases retain objects and Nothing triggers recreation
ok 485 - As New is lazy, aliases retain objects and Nothing triggers recreation
  ---
  duration_ms: 4.076276
  type: 'test'
  ...
# Subtest: fixed strings pad and truncate at assignments
ok 486 - fixed strings pad and truncate at assignments
  ---
  duration_ms: 1.444378
  type: 'test'
  ...
# Subtest: conditional compilation skips unavailable native code and preserves lines
ok 487 - conditional compilation skips unavailable native code and preserves lines
  ---
  duration_ms: 2.015338
  type: 'test'
  ...
# Subtest: project conditional constants and nested dead branches
ok 488 - project conditional constants and nested dead branches
  ---
  duration_ms: 1.005066
  type: 'test'
  ...
# Subtest: conditional structure rejects \#Else
ok 489 - conditional structure rejects \#Else
  ---
  duration_ms: 0.151929
  type: 'test'
  ...
# Subtest: conditional structure rejects \#End If
ok 490 - conditional structure rejects \#End If
  ---
  duration_ms: 0.134803
  type: 'test'
  ...
# Subtest: conditional structure rejects \#If True Then
ok 491 - conditional structure rejects \#If True Then
  ---
  duration_ms: 0.177227
  type: 'test'
  ...
# Subtest: conditional structure rejects \#If True Then / \#Else / \#Else / \#End If
ok 492 - conditional structure rejects \#If True Then / \#Else / \#Else / \#End If
  ---
  duration_ms: 0.144037
  type: 'test'
  ...
# Subtest: conditional structure rejects \#If Now() Then / \#End If
ok 493 - conditional structure rejects \#If Now() Then / \#End If
  ---
  duration_ms: 0.174743
  type: 'test'
  ...
# Subtest: MDI geometry: clamp negative origin
ok 494 - MDI geometry: clamp negative origin
  ---
  duration_ms: 1.290106
  type: 'test'
  ...
# Subtest: MDI geometry: clamp oversized bounds
ok 495 - MDI geometry: clamp oversized bounds
  ---
  duration_ms: 0.094723
  type: 'test'
  ...
# Subtest: MDI geometry: respect normal minimums
ok 496 - MDI geometry: respect normal minimums
  ---
  duration_ms: 0.142224
  type: 'test'
  ...
# Subtest: MDI geometry: fit very narrow workspace
ok 497 - MDI geometry: fit very narrow workspace
  ---
  duration_ms: 0.068743
  type: 'test'
  ...
# Subtest: MDI geometry: round stable pixel bounds
ok 498 - MDI geometry: round stable pixel bounds
  ---
  duration_ms: 0.128434
  type: 'test'
  ...
# Subtest: MDI tiled children can be smaller than manual resize minimum
ok 499 - MDI tiled children can be smaller than manual resize minimum
  ---
  duration_ms: 0.109065
  type: 'test'
  ...
# Subtest: scroll thumb endpoints, middle, and short tracks
ok 500 - scroll thumb endpoints, middle, and short tracks
  ---
  duration_ms: 0.201273
  type: 'test'
  ...
# Subtest: scroll reversed and negative ranges preserve direction
ok 501 - scroll reversed and negative ranges preserve direction
  ---
  duration_ms: 0.09897
  type: 'test'
  ...
# Subtest: scroll thumb clamps out-of-range values and handles an empty range
ok 502 - scroll thumb clamps out-of-range values and handles an empty range
  ---
  duration_ms: 0.353773
  type: 'test'
  ...
# Subtest: MsgBox flag combinations: return codes, symbols and default button
ok 503 - MsgBox flag combinations: return codes, symbols and default button
  ---
  duration_ms: 0.41112
  type: 'test'
  ...
# Subtest: MsgBox Cancel handling is not invented for Yes/No or Abort/Retry/Ignore
ok 504 - MsgBox Cancel handling is not invented for Yes/No or Abort/Retry/Ignore
  ---
  duration_ms: 0.204148
  type: 'test'
  ...
# Subtest: MsgBox flags clamp the default index and preserve RTL/alignment requests
ok 505 - MsgBox flags clamp the default index and preserve RTL/alignment requests
  ---
  duration_ms: 0.120101
  type: 'test'
  ...
# Subtest: property numbers: signed OLE colors, decimal, RGB notation and finite validation
ok 506 - property numbers: signed OLE colors, decimal, RGB notation and finite validation
  ---
  duration_ms: 0.395807
  type: 'test'
  ...
# Subtest: new default control colors adapt without changing authored RGB colors
ok 507 - new default control colors adapt without changing authored RGB colors
  ---
  duration_ms: 0.454526
  type: 'test'
  ...
# Subtest: restricted bundler supports local export lists and relative aliases
ok 508 - restricted bundler supports local export lists and relative aliases
  ---
  duration_ms: 4.119782
  type: 'test'
  ...
1..508
# tests 508
# suites 0
# pass 508
# fail 0
# cancelled 0
# skipped 0
# todo 0
# duration_ms 975.23694
