PASS Resource strings apply undo and redo
PASS Resource hexadecimal validation is transactional
PASS Resource drafts reject stale writes
PASS Native resource chooser import and download round trip
PASS VBP resource-file references import their binary data
PASS Malformed string tables remain exportable opaque data
PASS Dirty resource drafts retain their selection
PASS Binary resource file import preserves full data behind bounded preview
PASS Project switches dispose stale resource tools
PASS Running-project resource edits are rejected
PASS 4000-entry resource lists have bounded rows
PASS Resource Editor follows all three classic themes
PASS Explicit function evaluation preserves paused locals and skips breakpoints
PASS Automatic inspection cannot execute source procedures
PASS Evaluation instruction budgets survive Resume Next
PASS Evaluation cancellation restores paused execution
PASS Explicit evaluation can interact with runtime dialogs
PASS Timed-out evaluated dialogs close without losing the pause
PASS Source evaluation failure leaves the debugger usable
PASS Evaluation remains usable as a floating tool
PASS Live linear insertion remaps paused source without rerunning earlier code
PASS Unsafe live control-flow edits reject atomically
PASS Standalone export runs interfaces identity and DefType declarations
PASS Runtime MDI child startup resource strings and active identity
PASS Runtime WindowList activates dynamically created instances
PASS Runtime MDI tiling and cascade change actual child geometry
PASS Runtime MDI minimize maximize and restore state
PASS MDI parent unloading is cancelled atomically by a child
PASS Child close cancellation retains sibling and active form state
PASS Runtime MDI resize rolls back on Escape
PASS Runtime MDI pointer resizing updates child layout
PASS Runtime MDI keyboard cycling and close
PASS Runtime MDI remains within a narrow viewport
PASS Runtime MDI uses the shared high-contrast theme
PASS Add MDIForm designer command integrates with undo
PASS MDI example runs inside the IDE isolated iframe
36 passed; 0 failed.
