PASS Resource strings apply undo and redo
PASS Resource hexadecimal validation is transactional
PASS Resource drafts reject stale writes
PASS Native resource chooser import and download round trip
FAIL VBP resource-file references import their binary data Page.evaluate: SyntaxError: Invalid or unexpected token
    at eval (<anonymous>)
    at UtilityScript.evaluate (<anonymous>:290:30)
    at UtilityScript.<anonymous> (<anonymous>:1:44)
Traceback (most recent call last):
  File "/mnt/data/vb6-worktrees/mdi/tools/browser-boundaries-06.py", line 29, in case
    p=boot(runtime);result=fn(p);check(not p._errors,p._errors);check(not p._requests,p._requests)
                           ~~^^^
  File "/mnt/data/vb6-worktrees/mdi/tools/browser-boundaries-06.py", line 65, in res_native_project
    resource(p);add_string(p);info=p.evaluate('''async()=>{const files=await VB6StudioAPI.importFiles([{name:'Native.vbp',text:'Type=Exe\nResFile32="App.res"\nName="Native"'}, {name:'App.res',bytes:VB6StudioAPI.writeRES(vb6Studio.project.resources)}]);return {entries:files.project.resources.entries.length,name:files.project.resources.fileName};}''');check(info['entries']==1 and info['name']=='App.res',info)
                                   ~~~~~~~~~~^^^^^^^^^^^^^^^^^^^^^^^^^^^^^^^^^^^^^^^^^^^^^^^^^^^^^^^^^^^^^^^^^^^^^^^^^^^^^^^^^^^^^^^^^^^^^^^^^^^^^^^^^^^^^^^^^^^^^^^^^^^^^^^^^^^^^^^^^^^^^^^^^^^^^^^^^^^^^^^^^^^^^^^^^^^^^^^^^^^^^^^^^^^^^^^^^^^^^^^^^^^^^^^^^^^^^^^^^^^^^^^^^^^^^^^^^^^^^^^^^^^^^^^^^^^^^^^^^^^^^^^^^^^^^^^^^^^^^^^^^^^^^^^^^^^^^^^^^^^^^^^^^^
  File "/opt/pyvenv/lib/python3.13/site-packages/playwright/sync_api/_generated.py", line 8562, in evaluate
    self._sync(
    ~~~~~~~~~~^
        self._impl_obj.evaluate(expression=expression, arg=mapping.to_impl(arg))
        ^^^^^^^^^^^^^^^^^^^^^^^^^^^^^^^^^^^^^^^^^^^^^^^^^^^^^^^^^^^^^^^^^^^^^^^^
    )
    ^
playwright._impl._errors.Error: Page.evaluate: SyntaxError: Invalid or unexpected token
    at eval (<anonymous>)
    at UtilityScript.evaluate (<anonymous>:290:30)
    at UtilityScript.<anonymous> (<anonymous>:1:44)
PASS Malformed string tables remain exportable opaque data
PASS Dirty resource drafts retain their selection
PASS Binary resource file import preserves full data behind bounded preview
PASS Project switches dispose stale resource tools
PASS Running-project resource edits are rejected
PASS 4000-entry resource lists have bounded rows
PASS Resource Editor follows all three classic themes
PASS Explicit function evaluation preserves paused locals and skips breakpoints
PASS Automatic inspection cannot execute source procedures
PASS Evaluation instruction budgets survive Resume Next
PASS Evaluation cancellation restores paused execution
PASS Explicit evaluation can interact with runtime dialogs
PASS Timed-out evaluated dialogs close without losing the pause
PASS Source evaluation failure leaves the debugger usable
PASS Evaluation remains usable as a floating tool
FAIL Live linear insertion remaps paused source without rerunning earlier code Page.evaluate: TypeError: vb6Studio.resume is not a function
    at eval (eval at evaluate (:290:30), <anonymous>:1:90)
    at eval (<anonymous>)
    at UtilityScript.evaluate (<anonymous>:290:30)
    at UtilityScript.<anonymous> (<anonymous>:1:44)
Traceback (most recent call last):
  File "/mnt/data/vb6-worktrees/mdi/tools/browser-boundaries-06.py", line 29, in case
    p=boot(runtime);result=fn(p);check(not p._errors,p._errors);check(not p._requests,p._requests)
                           ~~^^^
  File "/mnt/data/vb6-worktrees/mdi/tools/browser-boundaries-06.py", line 147, in live_linear
    result=p.evaluate('vb6Studio.applyCodeChanges()');check(result is not False);check(do_eval(p,'local')=='local = 4');p.evaluate('vb6Studio.breakpoints=[];vb6Studio.sendRuntime("breakpoints",{breakpoints:[]});vb6Studio.resume()')
                                                                                                                        ~~~~~~~~~~^^^^^^^^^^^^^^^^^^^^^^^^^^^^^^^^^^^^^^^^^^^^^^^^^^^^^^^^^^^^^^^^^^^^^^^^^^^^^^^^^^^^^^^^^^^^^^^^^^^^^
  File "/opt/pyvenv/lib/python3.13/site-packages/playwright/sync_api/_generated.py", line 8562, in evaluate
    self._sync(
    ~~~~~~~~~~^
        self._impl_obj.evaluate(expression=expression, arg=mapping.to_impl(arg))
        ^^^^^^^^^^^^^^^^^^^^^^^^^^^^^^^^^^^^^^^^^^^^^^^^^^^^^^^^^^^^^^^^^^^^^^^^
    )
    ^
playwright._impl._errors.Error: Page.evaluate: TypeError: vb6Studio.resume is not a function
    at eval (eval at evaluate (:290:30), <anonymous>:1:90)
    at eval (<anonymous>)
    at UtilityScript.evaluate (<anonymous>:290:30)
    at UtilityScript.<anonymous> (<anonymous>:1:44)
PASS Unsafe live control-flow edits reject atomically
FAIL Standalone export runs interfaces identity and DefType declarations 17 Double -1 -1

Traceback (most recent call last):
  File "/mnt/data/vb6-worktrees/mdi/tools/browser-boundaries-06.py", line 29, in case
    p=boot(runtime);result=fn(p);check(not p._errors,p._errors);check(not p._requests,p._requests)
                           ~~^^^
  File "/mnt/data/vb6-worktrees/mdi/tools/browser-boundaries-06.py", line 164, in iface_export
    exported=p.evaluate('project=>VB6StudioAPI.exportApplication(project)',project);p.set_content(exported);p.wait_for_function('!!globalThis.vb6Application');out=p.locator('.vb-runtime-console').inner_text();check('17' in out and 'True True' in out,out);return out
                                                                                                                                                                                                                 ~~~~~^^^^^^^^^^^^^^^^^^^^^^^^^^^^^^^^^^^^^^^^
  File "/mnt/data/vb6-worktrees/mdi/tools/browser-boundaries-06.py", line 15, in check
    if not value:raise AssertionError(str(message))
                 ^^^^^^^^^^^^^^^^^^^^^^^^^^^^^^^^^^
AssertionError: 17 Double -1 -1

PASS Runtime MDI child startup resource strings and active identity
FAIL Runtime WindowList activates dynamically created instances Locator.click: Timeout 6500ms exceeded.
Call log:
  - waiting for get_by_role("menuitem", name="1 Document 1", exact=True)

Traceback (most recent call last):
  File "/mnt/data/vb6-worktrees/mdi/tools/browser-boundaries-06.py", line 29, in case
    p=boot(runtime);result=fn(p);check(not p._errors,p._errors);check(not p._requests,p._requests)
                           ~~^^^
  File "/mnt/data/vb6-worktrees/mdi/tools/browser-boundaries-06.py", line 172, in mdi_menu
    p.locator('.vb-mdi-parent > .vb-form-menu').get_by_role('menuitem',name='Window',exact=True).click();p.get_by_role('menuitem',name='1 Document 1',exact=True).click();p.wait_for_function('vb6Application.mdi.active.props.Caption==="Document 1"')
                                                                                                         ~~~~~~~~~~~~~~~~~~~~~~~~~~~~~~~~~~~~~~~~~~~~~~~~~~~~~~~~~~~~~~^^
  File "/opt/pyvenv/lib/python3.13/site-packages/playwright/sync_api/_generated.py", line 15637, in click
    self._sync(
    ~~~~~~~~~~^
        self._impl_obj.click(
        ^^^^^^^^^^^^^^^^^^^^^
    ...<10 lines>...
        )
        ^
    )
    ^
playwright._impl._errors.TimeoutError: Locator.click: Timeout 6500ms exceeded.
Call log:
  - waiting for get_by_role("menuitem", name="1 Document 1", exact=True)

PASS Runtime MDI tiling and cascade change actual child geometry
PASS Runtime MDI minimize maximize and restore state
PASS MDI parent unloading is cancelled atomically by a child
PASS Child close cancellation retains sibling and active form state
PASS Runtime MDI resize rolls back on Escape
PASS Runtime MDI pointer resizing updates child layout
PASS Runtime MDI keyboard cycling and close
PASS Runtime MDI remains within a narrow viewport
PASS Runtime MDI uses the shared high-contrast theme
PASS Add MDIForm designer command integrates with undo
PASS MDI example runs inside the IDE isolated iframe
32 passed; 4 failed.
