PASS Classic combo popup, keyboard commit/cancel and VB events
PASS List-only type search and permanent simple combo list
PASS 10,000-item combo popup virtualization and narrow theme bounds
PASS Two-button UpDown pointer/keyboard, wrap and disabled state
PASS Classic shell geometry, palette, toolbar glyphs and default chrome
PASS Options tabs, keyboard navigation, modal inertness and Cancel transaction
PASS Independent IDE/application themes and undoable project settings
PASS OLE system-color palette, RGB swatches and undo
PASS Property Cancel followed by commit; categorized collapse and inactive editors
PASS Font dialog preview, atomic property update and undo
PASS Property grid navigation, F2 editing and keyboard column splitter
PASS Retained cascading menus and Escape focus restoration
PASS F10/Alt menus and hover switching without duplicate popups
PASS Nested menu placement within a 390px touch viewport
PASS Live MDI documents retain independent source buffers and selections
PASS Six MDI windows tile without overlap below normal resize minimum
PASS MDI minimize, maximize, restore and Ctrl+F10
PASS MDI pointer move/resize and serializable bounds restore
PASS MDI Ctrl+F6/Ctrl+F4 and cancelled keyboard move
PASS Independent panel visibility and keyboard floating/docking
FAIL New Project New/Existing/Recent pages and template activation : Assertion failed
Traceback (most recent call last):
  File "/mnt/data/vb6-worktrees/mdi/tools/browser-visual-tests.py", line 23, in case
    details=fn();RESULTS.append({'name':name,'passed':True,'milliseconds':round((time.perf_counter()-start)*1000,2),'details':details});print('PASS',name,flush=True)
  File "/mnt/data/vb6-worktrees/mdi/tools/browser-visual-tests.py", line 120, in test_new_project_tabs
    cmd(p,'new');d=p.get_by_role('dialog',name='New Project',exact=True);check(d.get_by_role('tab').count()==3);d.get_by_role('tab',name='Existing',exact=True).click();check(d.get_by_role('tabpanel').filter(visible=True).count()==1);d.get_by_role('tab',name='Recent',exact=True).click();check(d.get_by_role('tabpanel').filter(visible=True).count()==1);d.get_by_role('tab',name='New',exact=True).click();check(d.get_by_role('option').count()==11);check(d.get_by_role('option',name='Runtime Workbench',exact=True).count()==1);screenshot(p,'new-project');d.get_by_role('option',name='Standard EXE',exact=True).dblclick();p.wait_for_function('vb6Studio.activeModule.form.controls.length===0');check(p.locator('.ide-modal-cover').count()==0)
                                                                                                                                                                                                                                                                                                                                                                                                                   ~~~~~^^^^^^^^^^^^^^^^^^^^^^^^^^^^^^^^^^^^^
AssertionError: Assertion failed
PASS Procedure-only edits preserve surrounding source and undo/redo
PASS Declarations projection and navigation after source shifts
PASS Two live code projections, synchronized edits and split sizing
PASS Find/replace crosses projections with global source offsets
PASS Projected gutter breakpoints and current execution use global lines
PASS Selected source has native-style contrasting colors
PASS Read-only guards apply to both code panes and edit APIs
PASS 20,000-line split document retains bounded rendered lines
PASS Runtime cascading menus dispatch VB events and retain parents
PASS Runtime MsgBox default button, icon, inertness and no invented Cancel
PASS InputBox empty Cancel and nested dialog focus/inert restoration
PASS Classic scrollbars: keyboard, reversed ranges, ARIA and no range-input substitute
PASS Classic scrollbar thumb Scroll/Change events and arrow click
PASS Classic tooltip timing and genuine disabled tooltip behavior
PASS DPR2 screenshot size and unchanged CSS-pixel geometry
PASS 1024px and 390px layouts, touch inspector and constrained dialog
PASS System forced-colors rendering smoke
PASS Standalone export preserves application theme without external assets
PASS IDE and intrinsic/extended control screenshots: classic
PASS IDE and intrinsic/extended control screenshots: standard
PASS IDE and intrinsic/extended control screenshots: contrast

41 passed; 1 failed. 33 implementation screenshots.
